# v5 session 2026-06-24_11-37-49 pid=88916
11:37:56 [v4][main] starting custom_sortingv5
11:37:56 [v4][init] constructing node 'custom_sortingv5'
11:37:56 [v4][init] waiting for kinematics/set_pose_target service...
11:37:56 [v4][init] kinematics/set_pose_target ready
11:37:56 [v4][init] bus_servo/get_state ready (full feedback enabled)
11:37:56 [v4][inference] worker thread starting
11:37:56 [v4][init] inference worker started (engine=/home/ubuntu/third_party_ros2/data/scaff_cube_best.engine)
11:37:56 [v4][engine-load] starting load: /home/ubuntu/third_party_ros2/data/scaff_cube_best.engine
11:37:56 [v4][init] camera subscriptions created (always-on) - topic /depth_cam/rgb/image_raw + camera_info
11:37:56 [v4][init] depth subscribed: /depth_cam/depth_to_color
11:37:56 [v4][main] spinning executor (4 threads)
11:37:56 [v4][startup] spawning sorting + transport threads
11:37:56 [v4][sorting-loop] thread started, waiting for enter+frames
11:37:56 [v4][svc] set_target red=True
11:37:56 [v4][svc] set_target green=True
11:37:56 [v4][svc] set_target blue=True
11:37:56 [v4][svc] set_target scaff=True
11:37:56 [v4][startup] v4 init finish
11:37:56 [v4][camera] FIRST FRAME received: (480, 640, 3) enc=rgb8
11:37:56 [v4][camera] first camera_info received: fx=453.0 fy=453.0 cx=328.3 cy=243.4
11:37:56 [v4][publish] first frame published: shape=(480, 640, 3) step=1920 contig=True qos=reliable/depth10 topic=/custom_sortingv5/image_result
11:37:56 [v4][engine-load] YOLO() constructed in 0.10s task=obb (raw='obb', override='obb')
11:37:57 [v4][init] depth->color TF resolved + composed into hand2cam
11:37:57 [v4][svc] enable_sorting -> False
11:37:59 [v4][engine-load] warmup pass done in 2.90s
11:37:59 [v4][engine-load] engine active: /home/ubuntu/third_party_ros2/data/scaff_cube_best.engine (total load 3.01s, swap #1)
11:37:59 [v4][engine-load] class names from model.names: ['scaff', 'light blue cube', 'dark blue cube', 'red cube', 'green cube']
11:37:59 [v4][inference] first inference complete (38 ms)
11:37:59 [v4][sorting-loop] first inference result reached the loop
11:37:59 [v4][roi] reading transform.yaml from /home/ubuntu/ros2_ws/src/app/config/transform.yaml
11:37:59 [v4][roi]   loaded plane: [-0.004463572633386076, -0.07888332624479708, -0.9968738623115282, 0.21744399303069167]
11:37:59 [v4][roi]   yaml loaded: extristric.shape=(4, 3) corners.shape=(5, 3) white_area_center.shape=(4, 4)
11:37:59 [v4][roi]   intrinsic ready after 0.00s (shape=(3, 3)) distortion.shape=(8,)
11:37:59 [v4][roi]   extrinsic plane shift done
11:37:59 [v4][roi]   projected 4 corners to image pixels
11:37:59 [v4][roi]   computed roi (y=74..393 x=170..573) on intrinsic shape=(3, 3)
11:37:59 [v4][sorting-loop] ROI built - detection branch is now live
11:38:01 [v4][heartbeat] enter=False sorting=False cam=LIVE ai=LIVE cam_fps=35.8 pub_fps=26.0 frames=179 result_subs=1 roi=ok intrinsic=ok inference_age_ms=81 target=none transport=False sorting_thread=alive
11:38:06 [v4][heartbeat] enter=False sorting=False cam=LIVE ai=LIVE cam_fps=55.3 pub_fps=30.4 frames=456 result_subs=1 roi=ok intrinsic=ok inference_age_ms=111 target=none transport=False sorting_thread=alive
11:38:11 [v4][heartbeat] enter=False sorting=False cam=LIVE ai=LIVE cam_fps=51.4 pub_fps=30.0 frames=713 result_subs=1 roi=ok intrinsic=ok inference_age_ms=109 target=none transport=False sorting_thread=alive
11:38:15 [v4][svc] load_profile -> slow.yaml
11:38:15 [v4][param] inference_max_hz -> 8.0 APPLIED
11:38:15 [v4][svc]   applied 13/13 params from /home/ubuntu/jetarm_v5_profiles/slow.yaml
11:38:16 [v4][heartbeat] enter=False sorting=False cam=LIVE ai=LIVE cam_fps=51.0 pub_fps=30.4 frames=968 result_subs=1 roi=ok intrinsic=ok inference_age_ms=119 target=none transport=False sorting_thread=alive
11:38:21 [v4][heartbeat] enter=False sorting=False cam=LIVE ai=LIVE cam_fps=56.0 pub_fps=30.4 frames=1248 result_subs=1 roi=ok intrinsic=ok inference_age_ms=51 target=none transport=False sorting_thread=alive
11:38:26 [v4][heartbeat] enter=False sorting=False cam=LIVE ai=LIVE cam_fps=51.0 pub_fps=30.2 frames=1503 result_subs=1 roi=ok intrinsic=ok inference_age_ms=120 target=none transport=False sorting_thread=alive
11:38:29 [v4][svc] save_as_default -> /home/ubuntu/jetarm_v5_profiles/default.yaml
11:38:31 [v4][heartbeat] enter=False sorting=False cam=LIVE ai=LIVE cam_fps=56.2 pub_fps=30.4 frames=1784 result_subs=1 roi=ok intrinsic=ok inference_age_ms=61 target=none transport=False sorting_thread=alive
11:38:36 [v4][heartbeat] enter=False sorting=False cam=LIVE ai=LIVE cam_fps=53.8 pub_fps=30.2 frames=2053 result_subs=1 roi=ok intrinsic=ok inference_age_ms=116 target=none transport=False sorting_thread=alive
11:38:41 [v4][heartbeat] enter=False sorting=False cam=LIVE ai=LIVE cam_fps=52.4 pub_fps=30.4 frames=2315 result_subs=1 roi=ok intrinsic=ok inference_age_ms=66 target=none transport=False sorting_thread=alive
11:38:46 [v4][heartbeat] enter=False sorting=False cam=LIVE ai=LIVE cam_fps=56.3 pub_fps=30.2 frames=2597 result_subs=1 roi=ok intrinsic=ok inference_age_ms=136 target=none transport=False sorting_thread=alive
11:38:51 [v4][heartbeat] enter=False sorting=False cam=LIVE ai=LIVE cam_fps=52.4 pub_fps=30.4 frames=2859 result_subs=1 roi=ok intrinsic=ok inference_age_ms=83 target=none transport=False sorting_thread=alive
11:38:56 [v4][heartbeat] enter=False sorting=False cam=LIVE ai=LIVE cam_fps=54.2 pub_fps=30.2 frames=3130 result_subs=1 roi=ok intrinsic=ok inference_age_ms=164 target=none transport=False sorting_thread=alive
11:39:01 [v4][main] KeyboardInterrupt - shutting down
