# v5 session 2026-06-24_12-18-38 pid=91233
12:18:43 [v4][main] starting custom_sortingv5
12:18:43 [v4][init] constructing node 'custom_sortingv5'
12:18:44 [v4][init] config_path=/home/ubuntu/ros2_ws/src/stepper/config/ (CHASSIS_TYPE='Slide_Rails')
12:18:44 [v4][init] waiting for kinematics/set_pose_target service...
12:18:45 [v4][init] kinematics/set_pose_target ready
12:18:45 [v4][init] bus_servo/get_state ready (full feedback enabled)
12:18:45 [v4][inference] worker thread starting
12:18:45 [v4][init] inference worker started (engine=/home/ubuntu/third_party_ros2/data/scaff_cube_best.engine)
12:18:45 [v4][engine-load] starting load: /home/ubuntu/third_party_ros2/data/scaff_cube_best.engine
12:18:45 [v4][init] camera subscriptions created (always-on) - topic /depth_cam/rgb/image_raw + camera_info
12:18:45 [v4][init] depth subscribed (candidate): /depth_cam/depth_to_color
12:18:45 [v4][init] depth subscribed (candidate): /depth_cam/depth/image_raw
12:18:45 [v4][main] spinning executor (4 threads)
12:18:45 [v4][startup] spawning sorting + transport threads
12:18:45 [v4][sorting-loop] thread started, waiting for enter+frames
12:18:45 [v4][svc] set_target red=True
12:18:45 [v4][svc] set_target green=True
12:18:45 [v4][svc] set_target blue=True
12:18:45 [v4][svc] set_target scaff=True
12:18:45 [v4][startup] v4 init finish
12:18:45 [v4][engine-load] YOLO() constructed in 0.04s task=obb (raw='obb', override='obb')
12:18:45 [v4][init] captured endpoint pose t=[0.1271, 0.0000, 0.1821]
12:18:46 [v4][svc] enable_sorting -> False
12:18:46 [v4][camera] depth source = /depth_cam/depth/image_raw (colour-aligned=False)
12:18:46 [v4][camera] FIRST DEPTH FRAME on /depth_cam/depth/image_raw: shape=(400, 640) dtype=uint16
12:18:46 [v4][camera] FIRST FRAME received: (480, 640, 3) enc=rgb8
12:18:46 [v4][camera] first camera_info received: fx=453.0 fy=453.0 cx=328.3 cy=243.4
12:18:47 [v4][init] depth->color TF resolved + composed into hand2cam
12:18:48 [v4][engine-load] warmup pass done in 2.69s
12:18:48 [v4][engine-load] engine active: /home/ubuntu/third_party_ros2/data/scaff_cube_best.engine (total load 2.73s, swap #1)
12:18:48 [v4][engine-load] class names from model.names: ['scaff', 'light blue cube', 'dark blue cube', 'red cube', 'green cube']
12:18:48 [v4][publish] first frame published: shape=(480, 640, 3) step=1920 contig=True qos=reliable/depth10 topic=/custom_sortingv5/image_result
12:18:48 [v4][sorting-loop] first inference result reached the loop
12:18:48 [v4][roi] reading transform.yaml from /home/ubuntu/ros2_ws/src/stepper/config/transform.yaml
12:18:48 [v4][inference] first inference complete (36 ms)
12:18:48 [v4][roi]   loaded plane: [-0.011758419488370489, -0.07558567268632826, -0.9970699803201835, 0.2173278107160417]
12:18:48 [v4][roi]   yaml loaded: extristric.shape=(4, 3) corners.shape=(5, 3) white_area_center.shape=(4, 4)
12:18:48 [v4][roi]   intrinsic ready after 0.00s (shape=(3, 3)) distortion.shape=(8,)
12:18:48 [v4][roi]   extrinsic plane shift done
12:18:48 [v4][roi]   projected 4 corners to image pixels
12:18:48 [v4][roi]   computed roi (y=74..393 x=169..574) on intrinsic shape=(3, 3)
12:18:48 [v4][sorting-loop] ROI built - detection branch is now live
12:18:50 [v4][heartbeat] enter=False sorting=False cam=LIVE ai=LIVE cam_fps=39.1 pub_fps=13.8 frames=196 result_subs=1 roi=ok intrinsic=ok inference_age_ms=126 target=none transport=False sorting_thread=alive
12:18:55 [v4][heartbeat] enter=False sorting=False cam=LIVE ai=LIVE cam_fps=52.0 pub_fps=30.2 frames=456 result_subs=1 roi=ok intrinsic=ok inference_age_ms=62 target=none transport=False sorting_thread=alive
12:19:00 [v4][heartbeat] enter=False sorting=False cam=LIVE ai=LIVE cam_fps=54.0 pub_fps=30.4 frames=726 result_subs=1 roi=ok intrinsic=ok inference_age_ms=118 target=none transport=False sorting_thread=alive
12:19:05 [v4][heartbeat] enter=False sorting=False cam=LIVE ai=LIVE cam_fps=56.6 pub_fps=30.2 frames=1009 result_subs=1 roi=ok intrinsic=ok inference_age_ms=66 target=none transport=False sorting_thread=alive
12:19:10 [v4][heartbeat] enter=False sorting=False cam=LIVE ai=LIVE cam_fps=52.8 pub_fps=30.2 frames=1273 result_subs=1 roi=ok intrinsic=ok inference_age_ms=135 target=none transport=False sorting_thread=alive
12:19:15 [v4][heartbeat] enter=False sorting=False cam=LIVE ai=LIVE cam_fps=52.2 pub_fps=30.4 frames=1534 result_subs=1 roi=ok intrinsic=ok inference_age_ms=79 target=none transport=False sorting_thread=alive
12:19:20 [v4][heartbeat] enter=False sorting=False cam=LIVE ai=LIVE cam_fps=53.8 pub_fps=30.4 frames=1803 result_subs=1 roi=ok intrinsic=ok inference_age_ms=149 target=none transport=False sorting_thread=alive
12:19:25 [v4][heartbeat] enter=False sorting=False cam=LIVE ai=LIVE cam_fps=38.2 pub_fps=30.4 frames=1994 result_subs=1 roi=ok intrinsic=ok inference_age_ms=78 target=none transport=False sorting_thread=alive
12:19:30 [v4][heartbeat] enter=False sorting=False cam=LIVE ai=LIVE cam_fps=40.0 pub_fps=30.2 frames=2194 result_subs=1 roi=ok intrinsic=ok inference_age_ms=108 target=none transport=False sorting_thread=alive
12:19:35 [v4][heartbeat] enter=False sorting=False cam=LIVE ai=LIVE cam_fps=38.9 pub_fps=30.3 frames=2389 result_subs=1 roi=ok intrinsic=ok inference_age_ms=144 target=none transport=False sorting_thread=alive
12:19:40 [v4][heartbeat] enter=False sorting=False cam=LIVE ai=LIVE cam_fps=39.3 pub_fps=30.3 frames=2585 result_subs=1 roi=ok intrinsic=ok inference_age_ms=173 target=none transport=False sorting_thread=alive
12:19:45 [v4][heartbeat] enter=False sorting=False cam=LIVE ai=LIVE cam_fps=41.8 pub_fps=30.4 frames=2794 result_subs=1 roi=ok intrinsic=ok inference_age_ms=92 target=none transport=False sorting_thread=alive
12:19:50 [v4][heartbeat] enter=False sorting=False cam=LIVE ai=LIVE cam_fps=38.2 pub_fps=30.2 frames=2985 result_subs=1 roi=ok intrinsic=ok inference_age_ms=116 target=none transport=False sorting_thread=alive
12:19:55 [v4][heartbeat] enter=False sorting=False cam=LIVE ai=LIVE cam_fps=36.6 pub_fps=30.2 frames=3168 result_subs=1 roi=ok intrinsic=ok inference_age_ms=143 target=none transport=False sorting_thread=alive
12:20:00 [v4][heartbeat] enter=False sorting=False cam=LIVE ai=LIVE cam_fps=38.0 pub_fps=30.4 frames=3358 result_subs=1 roi=ok intrinsic=ok inference_age_ms=59 target=none transport=False sorting_thread=alive
12:20:05 [v4][heartbeat] enter=False sorting=False cam=LIVE ai=LIVE cam_fps=39.6 pub_fps=30.2 frames=3556 result_subs=1 roi=ok intrinsic=ok inference_age_ms=113 target=none transport=False sorting_thread=alive
12:20:10 [v4][heartbeat] enter=False sorting=False cam=LIVE ai=LIVE cam_fps=36.7 pub_fps=30.4 frames=3740 result_subs=1 roi=ok intrinsic=ok inference_age_ms=177 target=none transport=False sorting_thread=alive
12:20:15 [v4][heartbeat] enter=False sorting=False cam=LIVE ai=LIVE cam_fps=38.7 pub_fps=30.4 frames=3933 result_subs=1 roi=ok intrinsic=ok inference_age_ms=92 target=none transport=False sorting_thread=alive
12:20:20 [v4][heartbeat] enter=False sorting=False cam=LIVE ai=LIVE cam_fps=38.4 pub_fps=30.2 frames=4125 result_subs=1 roi=ok intrinsic=ok inference_age_ms=142 target=none transport=False sorting_thread=alive
12:20:25 [v4][heartbeat] enter=False sorting=False cam=LIVE ai=LIVE cam_fps=41.8 pub_fps=30.2 frames=4334 result_subs=1 roi=ok intrinsic=ok inference_age_ms=151 target=none transport=False sorting_thread=alive
12:20:30 [v4][heartbeat] enter=False sorting=False cam=LIVE ai=LIVE cam_fps=37.2 pub_fps=30.4 frames=4520 result_subs=1 roi=ok intrinsic=ok inference_age_ms=82 target=none transport=False sorting_thread=alive
12:20:35 [v4][heartbeat] enter=False sorting=False cam=LIVE ai=LIVE cam_fps=39.8 pub_fps=30.2 frames=4719 result_subs=1 roi=ok intrinsic=ok inference_age_ms=120 target=none transport=False sorting_thread=alive
12:20:40 [v4][heartbeat] enter=False sorting=False cam=LIVE ai=LIVE cam_fps=37.6 pub_fps=30.4 frames=4907 result_subs=1 roi=ok intrinsic=ok inference_age_ms=126 target=none transport=False sorting_thread=alive
12:20:45 [v4][heartbeat] enter=False sorting=False cam=LIVE ai=LIVE cam_fps=53.0 pub_fps=30.4 frames=5172 result_subs=1 roi=ok intrinsic=ok inference_age_ms=61 target=none transport=False sorting_thread=alive
12:20:50 [v4][heartbeat] enter=False sorting=False cam=LIVE ai=LIVE cam_fps=51.0 pub_fps=30.2 frames=5427 result_subs=1 roi=ok intrinsic=ok inference_age_ms=108 target=none transport=False sorting_thread=alive
12:20:51 [v4][svc] enable_sorting -> False
12:20:55 [v4][heartbeat] enter=False sorting=False cam=LIVE ai=LIVE cam_fps=48.3 pub_fps=30.4 frames=5669 result_subs=1 roi=ok intrinsic=ok inference_age_ms=166 target=none transport=False sorting_thread=alive
12:20:59 [v4][calibrate] plane refit failed: no_depth_caminfo_yet
12:21:00 [v4][heartbeat] enter=False sorting=False cam=LIVE ai=LIVE cam_fps=54.3 pub_fps=30.2 frames=5940 result_subs=1 roi=ok intrinsic=ok inference_age_ms=79 target=none transport=False sorting_thread=alive
12:21:05 [v4][heartbeat] enter=False sorting=False cam=LIVE ai=LIVE cam_fps=48.0 pub_fps=30.4 frames=6180 result_subs=1 roi=ok intrinsic=ok inference_age_ms=153 target=none transport=False sorting_thread=alive
12:21:05 [v4][calibrate] plane refit failed: no_depth_caminfo_yet
12:21:10 [v4][heartbeat] enter=False sorting=False cam=LIVE ai=LIVE cam_fps=52.0 pub_fps=30.2 frames=6440 result_subs=1 roi=ok intrinsic=ok inference_age_ms=74 target=none transport=False sorting_thread=alive
12:21:15 [v4][heartbeat] enter=False sorting=False cam=LIVE ai=LIVE cam_fps=52.2 pub_fps=30.4 frames=6701 result_subs=1 roi=ok intrinsic=ok inference_age_ms=148 target=none transport=False sorting_thread=alive
12:21:20 [v4][heartbeat] enter=False sorting=False cam=LIVE ai=LIVE cam_fps=49.2 pub_fps=30.2 frames=6947 result_subs=1 roi=ok intrinsic=ok inference_age_ms=96 target=none transport=False sorting_thread=alive
12:21:24 [v4][calibrate] plane refit failed: no_depth_caminfo_yet
12:21:25 [v4][heartbeat] enter=False sorting=False cam=LIVE ai=LIVE cam_fps=52.8 pub_fps=30.2 frames=7211 result_subs=1 roi=ok intrinsic=ok inference_age_ms=157 target=none transport=False sorting_thread=alive
12:21:30 [v4][heartbeat] enter=False sorting=False cam=LIVE ai=LIVE cam_fps=49.8 pub_fps=30.4 frames=7460 result_subs=1 roi=ok intrinsic=ok inference_age_ms=92 target=none transport=False sorting_thread=alive
12:21:35 [v4][heartbeat] enter=False sorting=False cam=LIVE ai=LIVE cam_fps=51.8 pub_fps=30.4 frames=7719 result_subs=1 roi=ok intrinsic=ok inference_age_ms=161 target=none transport=False sorting_thread=alive
12:21:40 [v4][publish] result_subs changed: 1 -> 0
12:21:40 [v4][heartbeat] enter=False sorting=False cam=LIVE ai=LIVE cam_fps=57.0 pub_fps=10.2 frames=8004 result_subs=0 roi=ok intrinsic=ok inference_age_ms=107 target=none transport=False sorting_thread=alive
12:21:45 [v4][heartbeat] enter=False sorting=False cam=LIVE ai=LIVE cam_fps=51.4 pub_fps=0.0 frames=8261 result_subs=0 roi=ok intrinsic=ok inference_age_ms=58 target=none transport=False sorting_thread=alive
12:21:50 [v4][heartbeat] enter=False sorting=False cam=LIVE ai=LIVE cam_fps=56.4 pub_fps=0.0 frames=8543 result_subs=0 roi=ok intrinsic=ok inference_age_ms=130 target=none transport=False sorting_thread=alive
12:21:55 [v4][heartbeat] enter=False sorting=False cam=LIVE ai=LIVE cam_fps=51.2 pub_fps=0.0 frames=8799 result_subs=0 roi=ok intrinsic=ok inference_age_ms=66 target=none transport=False sorting_thread=alive
12:22:00 [v4][heartbeat] enter=False sorting=False cam=LIVE ai=LIVE cam_fps=54.4 pub_fps=0.0 frames=9071 result_subs=0 roi=ok intrinsic=ok inference_age_ms=160 target=none transport=False sorting_thread=alive
12:22:05 [v4][heartbeat] enter=False sorting=False cam=LIVE ai=LIVE cam_fps=55.4 pub_fps=0.0 frames=9348 result_subs=0 roi=ok intrinsic=ok inference_age_ms=113 target=none transport=False sorting_thread=alive
12:22:10 [v4][heartbeat] enter=False sorting=False cam=LIVE ai=LIVE cam_fps=52.4 pub_fps=0.0 frames=9610 result_subs=0 roi=ok intrinsic=ok inference_age_ms=63 target=none transport=False sorting_thread=alive
12:22:15 [v4][svc] apply_and_persist (persist=True)
12:22:15 [v4][svc] merged ['depth_min_z_m', 'depth_max_z_m', 'depth_window_px', 'use_depth_for_z', 'overlay_depth_view'] into /home/ubuntu/jetarm_v5_profiles/default.yaml
12:22:15 [v4][svc] apply_and_persist applied ['depth_min_z_m', 'depth_max_z_m', 'depth_window_px', 'use_depth_for_z', 'overlay_depth_view']
12:22:15 [v4][heartbeat] enter=False sorting=False cam=LIVE ai=LIVE cam_fps=56.4 pub_fps=0.0 frames=9892 result_subs=0 roi=ok intrinsic=ok inference_age_ms=137 target=none transport=False sorting_thread=alive
12:22:20 [v4][heartbeat] enter=False sorting=False cam=LIVE ai=LIVE cam_fps=54.4 pub_fps=0.0 frames=10164 result_subs=0 roi=ok intrinsic=ok inference_age_ms=102 target=none transport=False sorting_thread=alive
12:22:23 [v4][svc] enable_sorting -> False
12:22:23 [v4][calibrate] sorting force-stopped; starting calibration
12:22:24 [v4][calibrate] finished; rebuilding ROI from new transform.yaml
12:22:24 [v4][roi] reading transform.yaml from /home/ubuntu/ros2_ws/src/stepper/config/transform.yaml
12:22:24 [v4][roi]   loaded plane: [0.0015739368245598977, -0.07271288807091215, -0.9973516724963463, 0.21687773361412066]
12:22:24 [v4][roi]   yaml loaded: extristric.shape=(4, 3) corners.shape=(5, 3) white_area_center.shape=(4, 4)
12:22:24 [v4][roi]   intrinsic ready after 0.00s (shape=(3, 3)) distortion.shape=(8,)
12:22:24 [v4][roi]   extrinsic plane shift done
12:22:24 [v4][roi]   projected 4 corners to image pixels
12:22:24 [v4][roi]   computed roi (y=74..393 x=170..573) on intrinsic shape=(3, 3)
12:22:24 [v4][sorting-loop] ROI built - detection branch is now live
12:22:25 [v4][heartbeat] enter=False sorting=False cam=LIVE ai=LIVE cam_fps=49.4 pub_fps=0.0 frames=10411 result_subs=0 roi=ok intrinsic=ok inference_age_ms=160 target=none transport=False sorting_thread=alive
12:22:30 [v4][publish] result_subs changed: 0 -> 1
12:22:30 [v4][heartbeat] enter=False sorting=False cam=LIVE ai=LIVE cam_fps=42.2 pub_fps=7.2 frames=10622 result_subs=1 roi=ok intrinsic=ok inference_age_ms=38 target=none transport=False sorting_thread=alive
12:22:33 [v4][svc] enable_sorting -> False
12:22:33 [v4][calibrate] sorting force-stopped; starting calibration
12:22:34 [v4][calibrate] finished; rebuilding ROI from new transform.yaml
12:22:34 [v4][roi] reading transform.yaml from /home/ubuntu/ros2_ws/src/stepper/config/transform.yaml
12:22:34 [v4][roi]   loaded plane: [-0.0062621921663692515, -0.07168166256281884, -0.9974079026163276, 0.2168288542536998]
12:22:34 [v4][roi]   yaml loaded: extristric.shape=(4, 3) corners.shape=(5, 3) white_area_center.shape=(4, 4)
12:22:34 [v4][roi]   intrinsic ready after 0.00s (shape=(3, 3)) distortion.shape=(8,)
12:22:34 [v4][roi]   extrinsic plane shift done
12:22:34 [v4][roi]   projected 4 corners to image pixels
12:22:34 [v4][roi]   computed roi (y=74..393 x=170..573) on intrinsic shape=(3, 3)
12:22:34 [v4][sorting-loop] ROI built - detection branch is now live
12:22:35 [v4][heartbeat] enter=False sorting=False cam=LIVE ai=LIVE cam_fps=39.4 pub_fps=27.3 frames=10821 result_subs=1 roi=ok intrinsic=ok inference_age_ms=245 target=none transport=False sorting_thread=alive
12:22:40 [v4][heartbeat] enter=False sorting=False cam=LIVE ai=LIVE cam_fps=11.9 pub_fps=16.1 frames=10880 result_subs=1 roi=ok intrinsic=ok inference_age_ms=152 target=none transport=False sorting_thread=alive
12:22:45 [v4][heartbeat] enter=False sorting=False cam=LIVE ai=LIVE cam_fps=50.3 pub_fps=30.4 frames=11131 result_subs=1 roi=ok intrinsic=ok inference_age_ms=77 target=none transport=False sorting_thread=alive
12:22:47 [v4][enter] enter requested (camera subs were already alive)
12:22:47 [v4][svc] enable_sorting -> True
12:22:47 [v4][sorting-loop] LOCKED on red cube pixel=(212, 346) world=(0.201,0.052,0.024)
12:22:47 [v4][roi] reading transform.yaml from /home/ubuntu/ros2_ws/src/stepper/config/transform.yaml
12:22:47 [v4][roi]   loaded plane: [-0.0062621921663692515, -0.07168166256281884, -0.9974079026163276, 0.2168288542536998]
12:22:47 [v4][roi]   yaml loaded: extristric.shape=(4, 3) corners.shape=(5, 3) white_area_center.shape=(4, 4)
12:22:47 [v4][roi]   intrinsic ready after 0.00s (shape=(3, 3)) distortion.shape=(8,)
12:22:47 [v4][roi]   extrinsic plane shift done
12:22:47 [v4][roi]   projected 4 corners to image pixels
12:22:47 [v4][roi]   computed roi (y=74..393 x=170..573) on intrinsic shape=(3, 3)
12:22:47 [v4][sorting-loop] ROI built - detection branch is now live
12:22:49 [v4][sorting-loop] TRACK red cube e_dist=0.0000 (thresh=0.003) still=1/16 move=0/16
12:22:49 [v4][sorting-loop] TRACK red cube e_dist=0.1357 (thresh=0.003) still=0/16 move=1/16
12:22:49 [v4][sorting-loop] TRACK red cube e_dist=0.1616 (thresh=0.003) still=0/16 move=2/16
12:22:50 [v4][heartbeat] enter=True sorting=True cam=LIVE ai=LIVE cam_fps=47.1 pub_fps=30.3 frames=11367 result_subs=1 roi=ok intrinsic=ok inference_age_ms=135 target=red cube transport=False sorting_thread=alive
12:22:55 [v4][heartbeat] enter=True sorting=True cam=LIVE ai=LIVE cam_fps=48.5 pub_fps=30.0 frames=11609 result_subs=1 roi=ok intrinsic=ok inference_age_ms=179 target=red cube transport=False sorting_thread=alive
12:22:56 [v4][sorting-loop] TRACK red cube e_dist=0.0000 (thresh=0.003) still=1/16 move=0/16
12:22:56 [v4][sorting-loop] TRACK red cube e_dist=0.1357 (thresh=0.003) still=0/16 move=1/16
12:22:56 [v4][sorting-loop] TRACK red cube e_dist=0.1616 (thresh=0.003) still=0/16 move=2/16
12:23:00 [v4][heartbeat] enter=True sorting=True cam=LIVE ai=LIVE cam_fps=46.0 pub_fps=30.4 frames=11839 result_subs=1 roi=ok intrinsic=ok inference_age_ms=112 target=red cube transport=False sorting_thread=alive
12:23:03 [v4][sorting-loop] TRACK red cube e_dist=0.0005 (thresh=0.003) still=1/16 move=0/16
12:23:03 [v4][sorting-loop] TRACK red cube e_dist=0.1357 (thresh=0.003) still=0/16 move=1/16
12:23:03 [v4][sorting-loop] TRACK red cube e_dist=0.1611 (thresh=0.003) still=0/16 move=2/16
12:23:05 [v4][heartbeat] enter=True sorting=True cam=LIVE ai=LIVE cam_fps=48.6 pub_fps=30.4 frames=12082 result_subs=1 roi=ok intrinsic=ok inference_age_ms=150 target=red cube transport=False sorting_thread=alive
12:23:10 [v4][sorting-loop] TRACK red cube e_dist=0.0000 (thresh=0.003) still=1/16 move=0/16
12:23:10 [v4][sorting-loop] TRACK red cube e_dist=0.1357 (thresh=0.003) still=0/16 move=1/16
12:23:10 [v4][sorting-loop] TRACK red cube e_dist=0.1616 (thresh=0.003) still=0/16 move=2/16
12:23:10 [v4][heartbeat] enter=True sorting=True cam=LIVE ai=LIVE cam_fps=49.4 pub_fps=30.4 frames=12329 result_subs=1 roi=ok intrinsic=ok inference_age_ms=178 target=red cube transport=False sorting_thread=alive
12:23:15 [v4][heartbeat] enter=True sorting=True cam=LIVE ai=LIVE cam_fps=44.8 pub_fps=30.2 frames=12553 result_subs=1 roi=ok intrinsic=ok inference_age_ms=94 target=red cube transport=False sorting_thread=alive
12:23:16 [v4][sorting-loop] TRACK red cube e_dist=0.0000 (thresh=0.003) still=1/16 move=0/16
12:23:16 [v4][sorting-loop] TRACK red cube e_dist=0.1357 (thresh=0.003) still=0/16 move=1/16
12:23:16 [v4][sorting-loop] TRACK red cube e_dist=0.1616 (thresh=0.003) still=0/16 move=2/16
12:23:20 [v4][heartbeat] enter=True sorting=True cam=LIVE ai=LIVE cam_fps=52.8 pub_fps=30.2 frames=12817 result_subs=1 roi=ok intrinsic=ok inference_age_ms=59 target=red cube transport=False sorting_thread=alive
12:23:22 [v4][sorting-loop] TRACK red cube e_dist=0.0000 (thresh=0.003) still=1/16 move=0/16
12:23:23 [v4][sorting-loop] TRACK red cube e_dist=0.1357 (thresh=0.003) still=0/16 move=1/16
12:23:23 [v4][sorting-loop] TRACK red cube e_dist=0.1616 (thresh=0.003) still=0/16 move=2/16
12:23:25 [v4][heartbeat] enter=True sorting=True cam=LIVE ai=LIVE cam_fps=48.0 pub_fps=30.4 frames=13057 result_subs=1 roi=ok intrinsic=ok inference_age_ms=116 target=red cube transport=False sorting_thread=alive
12:23:30 [v4][sorting-loop] TRACK red cube e_dist=0.0000 (thresh=0.003) still=1/16 move=0/16
12:23:30 [v4][sorting-loop] TRACK red cube e_dist=0.1357 (thresh=0.003) still=0/16 move=1/16
12:23:30 [v4][sorting-loop] TRACK red cube e_dist=0.1621 (thresh=0.003) still=0/16 move=2/16
12:23:30 [v4][heartbeat] enter=True sorting=True cam=LIVE ai=LIVE cam_fps=47.9 pub_fps=30.3 frames=13297 result_subs=1 roi=ok intrinsic=ok inference_age_ms=158 target=red cube transport=False sorting_thread=alive
12:23:35 [v4][heartbeat] enter=True sorting=True cam=LIVE ai=LIVE cam_fps=48.3 pub_fps=30.2 frames=13538 result_subs=1 roi=ok intrinsic=ok inference_age_ms=87 target=red cube transport=False sorting_thread=alive
12:23:36 [v4][sorting-loop] TRACK red cube e_dist=0.0005 (thresh=0.003) still=1/16 move=0/16
12:23:36 [v4][sorting-loop] TRACK red cube e_dist=0.1621 (thresh=0.003) still=0/16 move=1/16
12:23:36 [v4][sorting-loop] TRACK red cube e_dist=0.1357 (thresh=0.003) still=0/16 move=2/16
12:23:40 [v4][heartbeat] enter=True sorting=True cam=LIVE ai=LIVE cam_fps=48.0 pub_fps=30.4 frames=13778 result_subs=1 roi=ok intrinsic=ok inference_age_ms=141 target=red cube transport=False sorting_thread=alive
12:23:43 [v4][sorting-loop] TRACK red cube e_dist=0.0004 (thresh=0.003) still=1/16 move=0/16
12:23:43 [v4][sorting-loop] TRACK red cube e_dist=0.1357 (thresh=0.003) still=0/16 move=1/16
12:23:43 [v4][sorting-loop] TRACK red cube e_dist=0.1621 (thresh=0.003) still=0/16 move=2/16
12:23:45 [v4][heartbeat] enter=True sorting=True cam=LIVE ai=LIVE cam_fps=51.1 pub_fps=30.2 frames=14033 result_subs=1 roi=ok intrinsic=ok inference_age_ms=193 target=red cube transport=False sorting_thread=alive
12:23:46 [v4][svc] apply_and_persist (persist=True)
12:23:46 [v4][param] yolo_conf_thresh -> 0.4859773371104815 QUEUED (sorting on, applies when off)
12:23:46 [v4][param] yolo_iou_thresh -> 0.2971671388101983 QUEUED (sorting on, applies when off)
12:23:46 [v4][param] inference_max_hz -> 8.0 QUEUED (sorting on, applies when off)
12:23:46 [v4][param] yolo_max_det -> 8 QUEUED (sorting on, applies when off)
12:23:46 [v4][engine-swap] queued swap -> /home/ubuntu/third_party_ros2/data/scaff_cube_best.engine
12:23:46 [v4][engine-swap] queued reload -> /home/ubuntu/third_party_ros2/data/scaff_cube_best.engine
12:23:46 [v4][engine-load] starting load: /home/ubuntu/third_party_ros2/data/scaff_cube_best.engine
12:23:46 [v4][engine-load] releasing previous model
12:23:46 [v4][engine-load] torch.cuda.empty_cache() done
12:23:46 [v4][param] yolo_enabled_classes -> [] APPLIED
12:23:46 [v4][engine-load] YOLO() constructed in 0.00s task=obb (raw='obb', override='obb')
12:23:46 [v4][svc] merged ['lock_distance_thresh', 'publish_max_hz', 'publish_scale', 'count_still_threshold', 'count_move_threshold', 'detection_avg_frames', 'grasp_max_temp', 'publish_jpeg_quality', 'yolo_conf_thresh', 'yolo_iou_thresh', 'inference_max_hz', 'grasp_short_axis_min_ratio', 'yolo_max_det', 'detection_offset_x', 'detection_offset_y', 'engine_path', 'engine_task', 'yolo_enabled_classes'] into /home/ubuntu/jetarm_v5_profiles/default.yaml
12:23:46 [v4][svc] apply_and_persist applied ['lock_distance_thresh', 'publish_max_hz', 'publish_scale', 'count_still_threshold', 'count_move_threshold', 'detection_avg_frames', 'grasp_max_temp', 'publish_jpeg_quality', 'yolo_conf_thresh', 'yolo_iou_thresh', 'inference_max_hz', 'grasp_short_axis_min_ratio', 'yolo_max_det', 'detection_offset_x', 'detection_offset_y', 'engine_path', 'engine_task', 'yolo_enabled_classes']
12:23:46 [v4][engine-load] warmup pass done in 0.34s
12:23:46 [v4][engine-load] engine active: /home/ubuntu/third_party_ros2/data/scaff_cube_best.engine (total load 0.35s, swap #2)
12:23:46 [v4][engine-load] class names from model.names: ['scaff', 'light blue cube', 'dark blue cube', 'red cube', 'green cube']
12:23:50 [v4][sorting-loop] TRACK red cube e_dist=0.0000 (thresh=0.003) still=1/16 move=0/16
12:23:50 [v4][sorting-loop] TRACK red cube e_dist=0.1357 (thresh=0.003) still=0/16 move=1/16
12:23:50 [v4][sorting-loop] TRACK red cube e_dist=0.1616 (thresh=0.003) still=0/16 move=2/16
12:23:50 [v4][heartbeat] enter=True sorting=True cam=LIVE ai=LIVE cam_fps=45.0 pub_fps=30.0 frames=14258 result_subs=1 roi=ok intrinsic=ok inference_age_ms=176 target=red cube transport=False sorting_thread=alive
12:23:55 [v4][svc] apply_and_persist (persist=True)
12:23:55 [v4][param] yolo_conf_thresh -> 0.4859773371104815 QUEUED (sorting on, applies when off)
12:23:55 [v4][param] yolo_iou_thresh -> 0.2971671388101983 QUEUED (sorting on, applies when off)
12:23:55 [v4][param] inference_max_hz -> 8.0 QUEUED (sorting on, applies when off)
12:23:55 [v4][param] yolo_max_det -> 8 QUEUED (sorting on, applies when off)
12:23:55 [v4][engine-swap] queued swap -> /home/ubuntu/third_party_ros2/data/scaff_cube_best.engine
12:23:55 [v4][engine-swap] queued reload -> /home/ubuntu/third_party_ros2/data/scaff_cube_best.engine
12:23:55 [v4][param] yolo_enabled_classes -> [] APPLIED
12:23:55 [v4][svc] merged ['lock_distance_thresh', 'publish_max_hz', 'publish_scale', 'count_still_threshold', 'count_move_threshold', 'detection_avg_frames', 'grasp_max_temp', 'publish_jpeg_quality', 'yolo_conf_thresh', 'yolo_iou_thresh', 'inference_max_hz', 'grasp_short_axis_min_ratio', 'yolo_max_det', 'detection_offset_x', 'detection_offset_y', 'engine_path', 'engine_task', 'yolo_enabled_classes'] into /home/ubuntu/jetarm_v5_profiles/default.yaml
12:23:55 [v4][svc] apply_and_persist applied ['lock_distance_thresh', 'publish_max_hz', 'publish_scale', 'count_still_threshold', 'count_move_threshold', 'detection_avg_frames', 'grasp_max_temp', 'publish_jpeg_quality', 'yolo_conf_thresh', 'yolo_iou_thresh', 'inference_max_hz', 'grasp_short_axis_min_ratio', 'yolo_max_det', 'detection_offset_x', 'detection_offset_y', 'engine_path', 'engine_task', 'yolo_enabled_classes']
12:23:55 [v4][engine-load] starting load: /home/ubuntu/third_party_ros2/data/scaff_cube_best.engine
12:23:55 [v4][engine-load] releasing previous model
12:23:55 [v4][engine-load] torch.cuda.empty_cache() done
12:23:55 [v4][engine-load] YOLO() constructed in 0.00s task=obb (raw='obb', override='obb')
12:23:55 [v4][engine-load] warmup pass done in 0.27s
12:23:55 [v4][engine-load] engine active: /home/ubuntu/third_party_ros2/data/scaff_cube_best.engine (total load 0.28s, swap #3)
12:23:55 [v4][engine-load] class names from model.names: ['scaff', 'light blue cube', 'dark blue cube', 'red cube', 'green cube']
12:23:55 [v4][heartbeat] enter=True sorting=True cam=LIVE ai=LIVE cam_fps=47.6 pub_fps=30.2 frames=14496 result_subs=1 roi=ok intrinsic=ok inference_age_ms=473 target=red cube transport=False sorting_thread=alive
12:23:57 [v4][sorting-loop] TRACK red cube e_dist=0.0000 (thresh=0.003) still=1/16 move=0/16
12:23:57 [v4][sorting-loop] TRACK red cube e_dist=0.1357 (thresh=0.003) still=0/16 move=1/16
12:24:00 [v4][heartbeat] enter=True sorting=True cam=LIVE ai=LIVE cam_fps=50.7 pub_fps=30.4 frames=14749 result_subs=1 roi=ok intrinsic=ok inference_age_ms=51 target=red cube transport=False sorting_thread=alive
12:24:04 [v4][sorting-loop] TRACK red cube e_dist=0.0005 (thresh=0.003) still=1/16 move=0/7
12:24:04 [v4][sorting-loop] TRACK red cube e_dist=0.1357 (thresh=0.003) still=0/16 move=1/7
12:24:04 [v4][sorting-loop] TRACK red cube e_dist=0.1616 (thresh=0.003) still=0/16 move=2/7
12:24:05 [v4][heartbeat] enter=True sorting=True cam=LIVE ai=LIVE cam_fps=46.6 pub_fps=30.2 frames=14982 result_subs=1 roi=ok intrinsic=ok inference_age_ms=120 target=red cube transport=False sorting_thread=alive
12:24:06 [v4][sorting-loop] LOCKED on red cube pixel=(212, 346) world=(0.201,0.052,0.024)
12:24:06 [v4][sorting-loop] LOCKED on red cube pixel=(500, 344) world=(0.202,-0.082,0.024)
12:24:06 [v4][sorting-loop] LOCKED on red cube pixel=(212, 346) world=(0.201,0.052,0.024)
12:24:06 [v4][sorting-loop] LOCKED on red cube pixel=(500, 344) world=(0.202,-0.082,0.024)
12:24:07 [v4][sorting-loop] LOCKED on red cube pixel=(212, 346) world=(0.201,0.052,0.024)
12:24:07 [v4][svc] apply_and_persist (persist=True)
12:24:07 [v4][param] yolo_conf_thresh -> 0.4859773371104815 QUEUED (sorting on, applies when off)
12:24:07 [v4][param] yolo_iou_thresh -> 0.2971671388101983 QUEUED (sorting on, applies when off)
12:24:07 [v4][param] inference_max_hz -> 8.0 QUEUED (sorting on, applies when off)
12:24:07 [v4][param] yolo_max_det -> 8 QUEUED (sorting on, applies when off)
12:24:07 [v4][engine-swap] queued swap -> /home/ubuntu/third_party_ros2/data/scaff_cube_best.engine
12:24:07 [v4][engine-swap] queued reload -> /home/ubuntu/third_party_ros2/data/scaff_cube_best.engine
12:24:07 [v4][engine-load] starting load: /home/ubuntu/third_party_ros2/data/scaff_cube_best.engine
12:24:07 [v4][engine-load] releasing previous model
12:24:07 [v4][engine-load] torch.cuda.empty_cache() done
12:24:07 [v4][param] yolo_enabled_classes -> [] APPLIED
12:24:07 [v4][svc] merged ['lock_distance_thresh', 'publish_max_hz', 'publish_scale', 'count_still_threshold', 'count_move_threshold', 'detection_avg_frames', 'grasp_max_temp', 'publish_jpeg_quality', 'yolo_conf_thresh', 'yolo_iou_thresh', 'inference_max_hz', 'grasp_short_axis_min_ratio', 'yolo_max_det', 'detection_offset_x', 'detection_offset_y', 'engine_path', 'engine_task', 'yolo_enabled_classes'] into /home/ubuntu/jetarm_v5_profiles/default.yaml
12:24:07 [v4][svc] apply_and_persist applied ['lock_distance_thresh', 'publish_max_hz', 'publish_scale', 'count_still_threshold', 'count_move_threshold', 'detection_avg_frames', 'grasp_max_temp', 'publish_jpeg_quality', 'yolo_conf_thresh', 'yolo_iou_thresh', 'inference_max_hz', 'grasp_short_axis_min_ratio', 'yolo_max_det', 'detection_offset_x', 'detection_offset_y', 'engine_path', 'engine_task', 'yolo_enabled_classes']
12:24:07 [v4][engine-load] YOLO() constructed in 0.00s task=obb (raw='obb', override='obb')
12:24:07 [v4][sorting-loop] LOCKED on red cube pixel=(500, 344) world=(0.202,-0.082,0.024)
12:24:07 [v4][engine-load] warmup pass done in 0.26s
12:24:07 [v4][engine-load] engine active: /home/ubuntu/third_party_ros2/data/scaff_cube_best.engine (total load 0.27s, swap #4)
12:24:07 [v4][engine-load] class names from model.names: ['scaff', 'light blue cube', 'dark blue cube', 'red cube', 'green cube']
12:24:08 [v4][sorting-loop] LOCKED on red cube pixel=(212, 346) world=(0.201,0.052,0.024)
12:24:08 [v4][sorting-loop] LOCKED on red cube pixel=(500, 344) world=(0.202,-0.082,0.024)
12:24:08 [v4][sorting-loop] LOCKED on red cube pixel=(212, 346) world=(0.201,0.052,0.024)
12:24:08 [v4][sorting-loop] LOCKED on red cube pixel=(500, 344) world=(0.202,-0.082,0.024)
12:24:09 [v4][sorting-loop] LOCKED on red cube pixel=(212, 346) world=(0.201,0.052,0.024)
12:24:09 [v4][sorting-loop] LOCKED on red cube pixel=(500, 344) world=(0.202,-0.082,0.024)
12:24:09 [v4][sorting-loop] LOCKED on red cube pixel=(212, 346) world=(0.201,0.052,0.024)
12:24:09 [v4][sorting-loop] LOCKED on red cube pixel=(500, 345) world=(0.202,-0.082,0.024)
12:24:10 [v4][sorting-loop] LOCKED on red cube pixel=(212, 346) world=(0.201,0.052,0.024)
12:24:10 [v4][sorting-loop] LOCKED on red cube pixel=(500, 344) world=(0.202,-0.082,0.024)
12:24:10 [v4][heartbeat] enter=True sorting=True cam=LIVE ai=LIVE cam_fps=52.4 pub_fps=30.2 frames=15244 result_subs=1 roi=ok intrinsic=ok inference_age_ms=103 target=red cube transport=False sorting_thread=alive
12:24:10 [v4][sorting-loop] LOCKED on red cube pixel=(212, 346) world=(0.201,0.052,0.024)
12:24:10 [v4][sorting-loop] LOCKED on red cube pixel=(500, 344) world=(0.202,-0.082,0.024)
12:24:11 [v4][sorting-loop] LOCKED on red cube pixel=(212, 346) world=(0.201,0.052,0.024)
12:24:11 [v4][sorting-loop] TRACK red cube e_dist=0.1357 (thresh=0.003) still=0/16 move=21/1
12:24:11 [v4][sorting-loop] LOCKED on red cube pixel=(500, 344) world=(0.202,-0.082,0.024)
12:24:11 [v4][sorting-loop] LOCKED on red cube pixel=(212, 346) world=(0.201,0.052,0.024)
12:24:11 [v4][sorting-loop] LOCKED on red cube pixel=(500, 344) world=(0.202,-0.082,0.024)
12:24:11 [v4][sorting-loop] LOCKED on red cube pixel=(212, 346) world=(0.201,0.052,0.024)
12:24:12 [v4][sorting-loop] LOCKED on red cube pixel=(500, 344) world=(0.202,-0.082,0.024)
12:24:12 [v4][sorting-loop] LOCKED on red cube pixel=(212, 346) world=(0.201,0.052,0.024)
12:24:12 [v4][sorting-loop] LOCKED on red cube pixel=(500, 344) world=(0.202,-0.082,0.024)
12:24:13 [v4][sorting-loop] LOCKED on red cube pixel=(212, 346) world=(0.201,0.052,0.024)
12:24:13 [v4][sorting-loop] LOCKED on red cube pixel=(500, 344) world=(0.202,-0.082,0.024)
12:24:13 [v4][sorting-loop] LOCKED on red cube pixel=(212, 346) world=(0.201,0.052,0.024)
12:24:13 [v4][sorting-loop] LOCKED on red cube pixel=(499, 344) world=(0.202,-0.082,0.024)
12:24:13 [v4][sorting-loop] LOCKED on red cube pixel=(212, 346) world=(0.201,0.052,0.024)
12:24:14 [v4][sorting-loop] LOCKED on red cube pixel=(500, 344) world=(0.202,-0.082,0.024)
12:24:14 [v4][sorting-loop] LOCKED on red cube pixel=(212, 346) world=(0.201,0.052,0.024)
12:24:14 [v4][sorting-loop] LOCKED on red cube pixel=(500, 344) world=(0.202,-0.082,0.024)
12:24:14 [v4][sorting-loop] LOCKED on red cube pixel=(212, 346) world=(0.201,0.052,0.024)
12:24:15 [v4][sorting-loop] LOCKED on red cube pixel=(500, 344) world=(0.202,-0.082,0.024)
12:24:15 [v4][sorting-loop] LOCKED on red cube pixel=(212, 346) world=(0.201,0.052,0.024)
12:24:15 [v4][sorting-loop] LOCKED on red cube pixel=(500, 344) world=(0.202,-0.082,0.024)
12:24:15 [v4][heartbeat] enter=True sorting=True cam=LIVE ai=LIVE cam_fps=52.0 pub_fps=30.2 frames=15504 result_subs=1 roi=ok intrinsic=ok inference_age_ms=154 target=red cube transport=False sorting_thread=alive
12:24:15 [v4][sorting-loop] LOCKED on red cube pixel=(212, 346) world=(0.201,0.052,0.024)
12:24:15 [v4][sorting-loop] LOCKED on red cube pixel=(500, 344) world=(0.202,-0.082,0.024)
12:24:16 [v4][sorting-loop] LOCKED on red cube pixel=(212, 346) world=(0.201,0.052,0.024)
12:24:16 [v4][sorting-loop] LOCKED on red cube pixel=(500, 344) world=(0.202,-0.082,0.024)
12:24:16 [v4][svc] apply_and_persist (persist=True)
12:24:16 [v4][param] yolo_conf_thresh -> 0.4859773371104815 QUEUED (sorting on, applies when off)
12:24:16 [v4][param] yolo_iou_thresh -> 0.2971671388101983 QUEUED (sorting on, applies when off)
12:24:16 [v4][param] inference_max_hz -> 8.0 QUEUED (sorting on, applies when off)
12:24:16 [v4][param] yolo_max_det -> 8 QUEUED (sorting on, applies when off)
12:24:16 [v4][engine-swap] queued swap -> /home/ubuntu/third_party_ros2/data/scaff_cube_best.engine
12:24:16 [v4][engine-swap] queued reload -> /home/ubuntu/third_party_ros2/data/scaff_cube_best.engine
12:24:16 [v4][param] yolo_enabled_classes -> [] APPLIED
12:24:16 [v4][svc] merged ['lock_distance_thresh', 'publish_max_hz', 'publish_scale', 'count_still_threshold', 'count_move_threshold', 'detection_avg_frames', 'grasp_max_temp', 'publish_jpeg_quality', 'yolo_conf_thresh', 'yolo_iou_thresh', 'inference_max_hz', 'grasp_short_axis_min_ratio', 'yolo_max_det', 'detection_offset_x', 'detection_offset_y', 'engine_path', 'engine_task', 'yolo_enabled_classes'] into /home/ubuntu/jetarm_v5_profiles/default.yaml
12:24:16 [v4][svc] apply_and_persist applied ['lock_distance_thresh', 'publish_max_hz', 'publish_scale', 'count_still_threshold', 'count_move_threshold', 'detection_avg_frames', 'grasp_max_temp', 'publish_jpeg_quality', 'yolo_conf_thresh', 'yolo_iou_thresh', 'inference_max_hz', 'grasp_short_axis_min_ratio', 'yolo_max_det', 'detection_offset_x', 'detection_offset_y', 'engine_path', 'engine_task', 'yolo_enabled_classes']
12:24:16 [v4][engine-load] starting load: /home/ubuntu/third_party_ros2/data/scaff_cube_best.engine
12:24:16 [v4][engine-load] releasing previous model
12:24:16 [v4][engine-load] torch.cuda.empty_cache() done
12:24:16 [v4][sorting-loop] LOCKED on red cube pixel=(212, 346) world=(0.201,0.052,0.024)
12:24:16 [v4][engine-load] YOLO() constructed in 0.01s task=obb (raw='obb', override='obb')
12:24:17 [v4][engine-load] warmup pass done in 0.28s
12:24:17 [v4][engine-load] engine active: /home/ubuntu/third_party_ros2/data/scaff_cube_best.engine (total load 0.29s, swap #5)
12:24:17 [v4][engine-load] class names from model.names: ['scaff', 'light blue cube', 'dark blue cube', 'red cube', 'green cube']
12:24:17 [v4][sorting-loop] LOCKED on red cube pixel=(500, 344) world=(0.202,-0.082,0.024)
12:24:17 [v4][sorting-loop] LOCKED on red cube pixel=(212, 346) world=(0.201,0.052,0.024)
12:24:17 [v4][sorting-loop] LOCKED on red cube pixel=(500, 345) world=(0.202,-0.082,0.024)
12:24:17 [v4][sorting-loop] LOCKED on red cube pixel=(212, 346) world=(0.201,0.052,0.024)
12:24:17 [v4][sorting-loop] LOCKED on red cube pixel=(500, 344) world=(0.202,-0.082,0.024)
12:24:18 [v4][sorting-loop] LOCKED on red cube pixel=(212, 346) world=(0.201,0.052,0.024)
12:24:18 [v4][sorting-loop] TRACK red cube e_dist=0.1357 (thresh=0.003) still=0/16 move=51/13
12:24:18 [v4][sorting-loop] LOCKED on red cube pixel=(500, 344) world=(0.202,-0.082,0.024)
12:24:18 [v4][sorting-loop] LOCKED on red cube pixel=(212, 346) world=(0.201,0.052,0.024)
12:24:18 [v4][sorting-loop] LOCKED on red cube pixel=(500, 344) world=(0.202,-0.082,0.024)
12:24:18 [v4][sorting-loop] LOCKED on red cube pixel=(212, 346) world=(0.201,0.052,0.024)
12:24:19 [v4][sorting-loop] LOCKED on red cube pixel=(500, 344) world=(0.202,-0.082,0.024)
12:24:19 [v4][sorting-loop] LOCKED on red cube pixel=(212, 346) world=(0.201,0.052,0.024)
12:24:19 [v4][sorting-loop] LOCKED on red cube pixel=(500, 344) world=(0.202,-0.082,0.024)
12:24:19 [v4][sorting-loop] LOCKED on red cube pixel=(212, 346) world=(0.201,0.052,0.024)
12:24:19 [v4][sorting-loop] LOCKED on red cube pixel=(500, 344) world=(0.202,-0.082,0.024)
12:24:20 [v4][sorting-loop] LOCKED on red cube pixel=(212, 346) world=(0.201,0.052,0.024)
12:24:20 [v4][sorting-loop] LOCKED on red cube pixel=(499, 344) world=(0.202,-0.082,0.024)
12:24:20 [v4][sorting-loop] LOCKED on red cube pixel=(212, 346) world=(0.201,0.052,0.024)
12:24:20 [v4][heartbeat] enter=True sorting=True cam=LIVE ai=LIVE cam_fps=49.2 pub_fps=30.4 frames=15750 result_subs=1 roi=ok intrinsic=ok inference_age_ms=199 target=red cube transport=False sorting_thread=alive
12:24:20 [v4][sorting-loop] LOCKED on red cube pixel=(500, 344) world=(0.202,-0.082,0.024)
12:24:21 [v4][sorting-loop] LOCKED on red cube pixel=(212, 346) world=(0.201,0.052,0.024)
12:24:21 [v4][sorting-loop] LOCKED on red cube pixel=(499, 344) world=(0.202,-0.082,0.024)
12:24:21 [v4][sorting-loop] LOCKED on red cube pixel=(212, 346) world=(0.201,0.052,0.024)
12:24:21 [v4][sorting-loop] LOCKED on red cube pixel=(500, 344) world=(0.202,-0.082,0.024)
12:24:21 [v4][svc] apply_and_persist (persist=True)
12:24:21 [v4][param] yolo_conf_thresh -> 0.4859773371104815 QUEUED (sorting on, applies when off)
12:24:21 [v4][param] yolo_iou_thresh -> 0.2971671388101983 QUEUED (sorting on, applies when off)
12:24:21 [v4][param] inference_max_hz -> 8.0 QUEUED (sorting on, applies when off)
12:24:21 [v4][param] yolo_max_det -> 8 QUEUED (sorting on, applies when off)
12:24:22 [v4][engine-swap] queued swap -> /home/ubuntu/third_party_ros2/data/scaff_cube_best.engine
12:24:22 [v4][engine-swap] queued reload -> /home/ubuntu/third_party_ros2/data/scaff_cube_best.engine
12:24:22 [v4][param] yolo_enabled_classes -> [] APPLIED
12:24:22 [v4][engine-load] starting load: /home/ubuntu/third_party_ros2/data/scaff_cube_best.engine
12:24:22 [v4][engine-load] releasing previous model
12:24:22 [v4][engine-load] torch.cuda.empty_cache() done
12:24:22 [v4][svc] merged ['lock_distance_thresh', 'publish_max_hz', 'publish_scale', 'count_still_threshold', 'count_move_threshold', 'detection_avg_frames', 'grasp_max_temp', 'publish_jpeg_quality', 'yolo_conf_thresh', 'yolo_iou_thresh', 'inference_max_hz', 'grasp_short_axis_min_ratio', 'yolo_max_det', 'detection_offset_x', 'detection_offset_y', 'engine_path', 'engine_task', 'yolo_enabled_classes'] into /home/ubuntu/jetarm_v5_profiles/default.yaml
12:24:22 [v4][svc] apply_and_persist applied ['lock_distance_thresh', 'publish_max_hz', 'publish_scale', 'count_still_threshold', 'count_move_threshold', 'detection_avg_frames', 'grasp_max_temp', 'publish_jpeg_quality', 'yolo_conf_thresh', 'yolo_iou_thresh', 'inference_max_hz', 'grasp_short_axis_min_ratio', 'yolo_max_det', 'detection_offset_x', 'detection_offset_y', 'engine_path', 'engine_task', 'yolo_enabled_classes']
12:24:22 [v4][engine-load] YOLO() constructed in 0.00s task=obb (raw='obb', override='obb')
12:24:22 [v4][sorting-loop] LOCKED on red cube pixel=(212, 346) world=(0.201,0.052,0.024)
12:24:22 [v4][engine-load] warmup pass done in 0.30s
12:24:22 [v4][engine-load] engine active: /home/ubuntu/third_party_ros2/data/scaff_cube_best.engine (total load 0.31s, swap #6)
12:24:22 [v4][engine-load] class names from model.names: ['scaff', 'light blue cube', 'dark blue cube', 'red cube', 'green cube']
12:24:22 [v4][sorting-loop] LOCKED on red cube pixel=(500, 344) world=(0.202,-0.082,0.024)
12:24:22 [v4][sorting-loop] LOCKED on red cube pixel=(212, 346) world=(0.201,0.052,0.024)
12:24:23 [v4][sorting-loop] LOCKED on red cube pixel=(500, 344) world=(0.202,-0.082,0.024)
12:24:23 [v4][sorting-loop] LOCKED on red cube pixel=(212, 346) world=(0.201,0.052,0.024)
12:24:23 [v4][sorting-loop] LOCKED on red cube pixel=(500, 344) world=(0.202,-0.082,0.024)
12:24:23 [v4][sorting-loop] LOCKED on red cube pixel=(212, 346) world=(0.201,0.052,0.024)
12:24:24 [v4][sorting-loop] LOCKED on red cube pixel=(500, 344) world=(0.202,-0.082,0.024)
12:24:24 [v4][sorting-loop] LOCKED on red cube pixel=(212, 346) world=(0.201,0.052,0.024)
12:24:24 [v4][sorting-loop] LOCKED on red cube pixel=(500, 344) world=(0.202,-0.082,0.024)
12:24:24 [v4][sorting-loop] LOCKED on red cube pixel=(212, 346) world=(0.201,0.052,0.024)
12:24:25 [v4][sorting-loop] LOCKED on red cube pixel=(500, 344) world=(0.202,-0.082,0.024)
12:24:25 [v4][sorting-loop] LOCKED on red cube pixel=(212, 346) world=(0.201,0.052,0.024)
12:24:25 [v4][sorting-loop] TRACK red cube e_dist=0.1357 (thresh=0.003) still=0/4 move=81/13
12:24:25 [v4][sorting-loop] LOCKED on red cube pixel=(500, 344) world=(0.202,-0.082,0.024)
12:24:25 [v4][heartbeat] enter=True sorting=True cam=LIVE ai=LIVE cam_fps=52.3 pub_fps=30.0 frames=16011 result_subs=1 roi=ok intrinsic=ok inference_age_ms=77 target=red cube transport=False sorting_thread=alive
12:24:25 [v4][sorting-loop] LOCKED on red cube pixel=(212, 346) world=(0.201,0.052,0.024)
12:24:26 [v4][sorting-loop] LOCKED on red cube pixel=(500, 344) world=(0.202,-0.082,0.024)
12:24:26 [v4][sorting-loop] LOCKED on red cube pixel=(212, 346) world=(0.201,0.052,0.024)
12:24:26 [v4][sorting-loop] LOCKED on red cube pixel=(500, 344) world=(0.202,-0.082,0.024)
12:24:26 [v4][sorting-loop] LOCKED on red cube pixel=(212, 346) world=(0.201,0.052,0.024)
12:24:26 [v4][sorting-loop] LOCKED on red cube pixel=(500, 344) world=(0.202,-0.082,0.024)
12:24:27 [v4][sorting-loop] LOCKED on red cube pixel=(212, 346) world=(0.201,0.052,0.024)
12:24:27 [v4][sorting-loop] LOCKED on red cube pixel=(500, 344) world=(0.202,-0.082,0.024)
12:24:27 [v4][svc] enable_sorting -> False
12:24:27 [v4][param] flushing queued YOLO knobs: yolo_conf_thresh=0.4859773371104815, yolo_iou_thresh=0.2971671388101983, inference_max_hz=8.0, yolo_max_det=8
12:24:30 [v4][heartbeat] enter=True sorting=False cam=LIVE ai=LIVE cam_fps=50.0 pub_fps=30.4 frames=16261 result_subs=1 roi=ok intrinsic=ok inference_age_ms=156 target=red cube transport=False sorting_thread=alive
12:24:35 [v4][heartbeat] enter=True sorting=False cam=LIVE ai=LIVE cam_fps=54.2 pub_fps=30.2 frames=16532 result_subs=1 roi=ok intrinsic=ok inference_age_ms=87 target=red cube transport=False sorting_thread=alive
12:24:40 [v4][heartbeat] enter=True sorting=False cam=LIVE ai=LIVE cam_fps=50.4 pub_fps=30.4 frames=16784 result_subs=1 roi=ok intrinsic=ok inference_age_ms=145 target=red cube transport=False sorting_thread=alive
12:24:41 [v4][svc] apply_and_persist (persist=True)
12:24:41 [v4][param] yolo_conf_thresh -> 0.4859773371104815 APPLIED
12:24:41 [v4][param] yolo_iou_thresh -> 0.2971671388101983 APPLIED
12:24:41 [v4][param] inference_max_hz -> 8.0 APPLIED
12:24:41 [v4][param] yolo_max_det -> 8 APPLIED
12:24:41 [v4][engine-swap] queued swap -> /home/ubuntu/third_party_ros2/data/scaff_cube_best.engine
12:24:41 [v4][engine-swap] queued reload -> /home/ubuntu/third_party_ros2/data/scaff_cube_best.engine
12:24:41 [v4][param] yolo_enabled_classes -> [] APPLIED
12:24:42 [v4][engine-load] starting load: /home/ubuntu/third_party_ros2/data/scaff_cube_best.engine
12:24:42 [v4][engine-load] releasing previous model
12:24:42 [v4][engine-load] torch.cuda.empty_cache() done
12:24:42 [v4][svc] merged ['lock_distance_thresh', 'publish_max_hz', 'publish_scale', 'count_still_threshold', 'count_move_threshold', 'detection_avg_frames', 'grasp_max_temp', 'publish_jpeg_quality', 'yolo_conf_thresh', 'yolo_iou_thresh', 'inference_max_hz', 'grasp_short_axis_min_ratio', 'yolo_max_det', 'detection_offset_x', 'detection_offset_y', 'engine_path', 'engine_task', 'yolo_enabled_classes'] into /home/ubuntu/jetarm_v5_profiles/default.yaml
12:24:42 [v4][svc] apply_and_persist applied ['lock_distance_thresh', 'publish_max_hz', 'publish_scale', 'count_still_threshold', 'count_move_threshold', 'detection_avg_frames', 'grasp_max_temp', 'publish_jpeg_quality', 'yolo_conf_thresh', 'yolo_iou_thresh', 'inference_max_hz', 'grasp_short_axis_min_ratio', 'yolo_max_det', 'detection_offset_x', 'detection_offset_y', 'engine_path', 'engine_task', 'yolo_enabled_classes']
12:24:42 [v4][engine-load] YOLO() constructed in 0.00s task=obb (raw='obb', override='obb')
12:24:42 [v4][engine-load] warmup pass done in 0.30s
12:24:42 [v4][engine-load] engine active: /home/ubuntu/third_party_ros2/data/scaff_cube_best.engine (total load 0.31s, swap #7)
12:24:42 [v4][engine-load] class names from model.names: ['scaff', 'light blue cube', 'dark blue cube', 'red cube', 'green cube']
12:24:45 [v4][enter] enter requested (camera subs were already alive)
12:24:45 [v4][svc] enable_sorting -> True
12:24:45 [v4][sorting-loop] LOCKED on red cube pixel=(212, 346) world=(0.201,0.052,0.024)
12:24:45 [v4][roi] reading transform.yaml from /home/ubuntu/ros2_ws/src/stepper/config/transform.yaml
12:24:45 [v4][roi]   loaded plane: [-0.0062621921663692515, -0.07168166256281884, -0.9974079026163276, 0.2168288542536998]
12:24:45 [v4][roi]   yaml loaded: extristric.shape=(4, 3) corners.shape=(5, 3) white_area_center.shape=(4, 4)
12:24:45 [v4][roi]   intrinsic ready after 0.00s (shape=(3, 3)) distortion.shape=(8,)
12:24:45 [v4][roi]   extrinsic plane shift done
12:24:45 [v4][roi]   projected 4 corners to image pixels
12:24:45 [v4][roi]   computed roi (y=74..393 x=170..573) on intrinsic shape=(3, 3)
12:24:45 [v4][sorting-loop] ROI built - detection branch is now live
12:24:45 [v4][heartbeat] enter=True sorting=True cam=LIVE ai=LIVE cam_fps=50.6 pub_fps=30.1 frames=17038 result_subs=1 roi=ok intrinsic=ok inference_age_ms=42 target=red cube transport=False sorting_thread=alive
12:24:50 [v4][heartbeat] enter=True sorting=True cam=LIVE ai=LIVE cam_fps=50.7 pub_fps=30.3 frames=17291 result_subs=1 roi=ok intrinsic=ok inference_age_ms=96 target=red cube transport=False sorting_thread=alive
12:24:51 [v4][sorting-loop] TRACK red cube e_dist=0.0005 (thresh=0.005) still=1/4 move=0/13
12:24:51 [v4][sorting-loop] TRACK red cube e_dist=0.1616 (thresh=0.005) still=0/4 move=1/13
12:24:51 [v4][sorting-loop] TRACK red cube e_dist=0.1357 (thresh=0.005) still=0/4 move=2/13
12:24:55 [v4][heartbeat] enter=True sorting=True cam=LIVE ai=LIVE cam_fps=46.0 pub_fps=30.4 frames=17521 result_subs=1 roi=ok intrinsic=ok inference_age_ms=126 target=red cube transport=False sorting_thread=alive
12:24:57 [v4][sorting-loop] TRACK red cube e_dist=0.0000 (thresh=0.005) still=1/4 move=0/13
12:24:57 [v4][sorting-loop] TRACK red cube e_dist=0.1611 (thresh=0.005) still=0/4 move=1/13
12:24:57 [v4][sorting-loop] TRACK red cube e_dist=0.1357 (thresh=0.005) still=0/4 move=2/13
12:25:00 [v4][heartbeat] enter=True sorting=True cam=LIVE ai=LIVE cam_fps=50.2 pub_fps=30.2 frames=17772 result_subs=1 roi=ok intrinsic=ok inference_age_ms=140 target=red cube transport=False sorting_thread=alive
12:25:04 [v4][sorting-loop] TRACK red cube e_dist=0.0000 (thresh=0.005) still=1/4 move=0/13
12:25:04 [v4][sorting-loop] TRACK red cube e_dist=0.1353 (thresh=0.005) still=0/4 move=1/13
12:25:04 [v4][sorting-loop] TRACK red cube e_dist=0.1621 (thresh=0.005) still=0/4 move=2/13
12:25:05 [v4][heartbeat] enter=True sorting=True cam=LIVE ai=LIVE cam_fps=50.1 pub_fps=30.2 frames=18023 result_subs=1 roi=ok intrinsic=ok inference_age_ms=69 target=red cube transport=False sorting_thread=alive
12:25:10 [v4][sorting-loop] TRACK red cube e_dist=0.0000 (thresh=0.005) still=1/4 move=0/13
12:25:10 [v4][sorting-loop] TRACK red cube e_dist=0.1621 (thresh=0.005) still=0/4 move=1/13
12:25:10 [v4][sorting-loop] TRACK red cube e_dist=0.1357 (thresh=0.005) still=0/4 move=2/13
12:25:10 [v4][heartbeat] enter=True sorting=True cam=LIVE ai=LIVE cam_fps=48.3 pub_fps=30.4 frames=18264 result_subs=1 roi=ok intrinsic=ok inference_age_ms=90 target=red cube transport=False sorting_thread=alive
12:25:15 [v4][heartbeat] enter=True sorting=True cam=LIVE ai=LIVE cam_fps=51.4 pub_fps=30.4 frames=18521 result_subs=1 roi=ok intrinsic=ok inference_age_ms=153 target=red cube transport=False sorting_thread=alive
12:25:17 [v4][sorting-loop] TRACK red cube e_dist=0.0005 (thresh=0.005) still=1/4 move=0/13
12:25:17 [v4][sorting-loop] TRACK red cube e_dist=0.1626 (thresh=0.005) still=0/4 move=1/13
12:25:17 [v4][sorting-loop] TRACK red cube e_dist=0.1355 (thresh=0.005) still=0/4 move=2/13
12:25:20 [v4][heartbeat] enter=True sorting=True cam=LIVE ai=LIVE cam_fps=49.8 pub_fps=30.2 frames=18770 result_subs=1 roi=ok intrinsic=ok inference_age_ms=92 target=red cube transport=False sorting_thread=alive
12:25:24 [v4][sorting-loop] TRACK red cube e_dist=0.0000 (thresh=0.005) still=1/4 move=0/13
12:25:24 [v4][sorting-loop] TRACK red cube e_dist=0.1621 (thresh=0.005) still=0/4 move=1/13
12:25:24 [v4][sorting-loop] TRACK red cube e_dist=0.1353 (thresh=0.005) still=0/4 move=2/13
12:25:25 [v4][heartbeat] enter=True sorting=True cam=LIVE ai=LIVE cam_fps=51.4 pub_fps=30.4 frames=19027 result_subs=1 roi=ok intrinsic=ok inference_age_ms=34 target=red cube transport=False sorting_thread=alive
12:25:30 [v4][sorting-loop] TRACK red cube e_dist=0.0000 (thresh=0.005) still=1/4 move=0/13
12:25:30 [v4][sorting-loop] TRACK red cube e_dist=0.1621 (thresh=0.005) still=0/4 move=1/13
12:25:30 [v4][sorting-loop] TRACK red cube e_dist=0.1357 (thresh=0.005) still=0/4 move=2/13
12:25:30 [v4][heartbeat] enter=True sorting=True cam=LIVE ai=LIVE cam_fps=46.3 pub_fps=30.2 frames=19258 result_subs=1 roi=ok intrinsic=ok inference_age_ms=68 target=red cube transport=False sorting_thread=alive
12:25:35 [v4][heartbeat] enter=True sorting=True cam=LIVE ai=LIVE cam_fps=47.6 pub_fps=30.4 frames=19496 result_subs=1 roi=ok intrinsic=ok inference_age_ms=119 target=red cube transport=False sorting_thread=alive
12:25:37 [v4][sorting-loop] TRACK red cube e_dist=0.0005 (thresh=0.005) still=1/4 move=0/13
12:25:37 [v4][sorting-loop] TRACK red cube e_dist=0.1616 (thresh=0.005) still=0/4 move=1/13
12:25:37 [v4][sorting-loop] TRACK red cube e_dist=0.1357 (thresh=0.005) still=0/4 move=2/13
12:25:40 [v4][heartbeat] enter=True sorting=True cam=LIVE ai=LIVE cam_fps=53.6 pub_fps=30.2 frames=19764 result_subs=1 roi=ok intrinsic=ok inference_age_ms=174 target=red cube transport=False sorting_thread=alive
12:25:44 [v4][sorting-loop] TRACK red cube e_dist=0.0015 (thresh=0.005) still=1/4 move=0/13
12:25:44 [v4][sorting-loop] TRACK red cube e_dist=0.1611 (thresh=0.005) still=0/4 move=1/13
12:25:44 [v4][sorting-loop] TRACK red cube e_dist=0.1357 (thresh=0.005) still=0/4 move=2/13
12:25:45 [v4][heartbeat] enter=True sorting=True cam=LIVE ai=LIVE cam_fps=48.6 pub_fps=30.4 frames=20007 result_subs=1 roi=ok intrinsic=ok inference_age_ms=96 target=red cube transport=False sorting_thread=alive
12:25:50 [v4][heartbeat] enter=True sorting=True cam=LIVE ai=LIVE cam_fps=52.2 pub_fps=30.0 frames=20268 result_subs=1 roi=ok intrinsic=ok inference_age_ms=119 target=red cube transport=False sorting_thread=alive
12:25:50 [v4][sorting-loop] TRACK red cube e_dist=0.0005 (thresh=0.005) still=1/4 move=0/13
12:25:50 [v4][sorting-loop] TRACK red cube e_dist=0.1361 (thresh=0.005) still=0/4 move=1/13
12:25:50 [v4][sorting-loop] TRACK red cube e_dist=0.1626 (thresh=0.005) still=0/4 move=2/13
12:25:55 [v4][heartbeat] enter=True sorting=True cam=LIVE ai=LIVE cam_fps=48.1 pub_fps=30.2 frames=20509 result_subs=1 roi=ok intrinsic=ok inference_age_ms=168 target=red cube transport=False sorting_thread=alive
12:25:56 [v4][sorting-loop] TRACK red cube e_dist=0.0007 (thresh=0.005) still=1/4 move=0/13
12:25:56 [v4][sorting-loop] TRACK red cube e_dist=0.1355 (thresh=0.005) still=0/4 move=1/13
12:25:56 [v4][sorting-loop] TRACK red cube e_dist=0.1626 (thresh=0.005) still=0/4 move=2/13
12:26:00 [v4][heartbeat] enter=True sorting=True cam=LIVE ai=LIVE cam_fps=48.2 pub_fps=30.4 frames=20750 result_subs=1 roi=ok intrinsic=ok inference_age_ms=81 target=red cube transport=False sorting_thread=alive
12:26:02 [v4][sorting-loop] TRACK red cube e_dist=0.0000 (thresh=0.005) still=1/4 move=0/13
12:26:02 [v4][sorting-loop] TRACK red cube e_dist=0.1357 (thresh=0.005) still=0/4 move=1/13
12:26:02 [v4][sorting-loop] TRACK red cube e_dist=0.1626 (thresh=0.005) still=0/4 move=2/13
12:26:05 [v4][heartbeat] enter=True sorting=True cam=LIVE ai=LIVE cam_fps=46.2 pub_fps=30.4 frames=20981 result_subs=1 roi=ok intrinsic=ok inference_age_ms=97 target=red cube transport=False sorting_thread=alive
12:26:06 [v4][svc] enable_sorting -> False
12:26:06 [v4][calibrate] sorting force-stopped; starting calibration
12:26:06 [v4][sorting-loop] LOCKED on red cube pixel=(8, 109) world=(0.258,0.158,0.025)
12:26:07 [v4][calibrate] finished; rebuilding ROI from new transform.yaml
12:26:07 [v4][roi] reading transform.yaml from /home/ubuntu/ros2_ws/src/stepper/config/transform.yaml
12:26:07 [v4][roi]   loaded plane: [-0.0034880954030786972, -0.07402865465086637, -0.9972500145304797, 0.21692724794133972]
12:26:07 [v4][roi]   yaml loaded: extristric.shape=(4, 3) corners.shape=(5, 3) white_area_center.shape=(4, 4)
12:26:07 [v4][roi]   intrinsic ready after 0.00s (shape=(3, 3)) distortion.shape=(8,)
12:26:07 [v4][roi]   extrinsic plane shift done
12:26:07 [v4][roi]   projected 4 corners to image pixels
12:26:07 [v4][roi]   computed roi (y=75..393 x=169..573) on intrinsic shape=(3, 3)
12:26:07 [v4][sorting-loop] ROI built - detection branch is now live
12:26:10 [v4][heartbeat] enter=True sorting=False cam=LIVE ai=LIVE cam_fps=20.3 pub_fps=19.7 frames=21085 result_subs=1 roi=ok intrinsic=ok inference_age_ms=166 target=red cube transport=False sorting_thread=alive
12:26:13 [v4][svc] enable_sorting -> False
12:26:15 [v4][heartbeat] enter=True sorting=False cam=LIVE ai=LIVE cam_fps=32.6 pub_fps=24.2 frames=21244 result_subs=1 roi=ok intrinsic=ok inference_age_ms=94 target=red cube transport=False sorting_thread=alive
12:26:20 [v4][heartbeat] enter=True sorting=False cam=LIVE ai=LIVE cam_fps=51.1 pub_fps=30.2 frames=21500 result_subs=1 roi=ok intrinsic=ok inference_age_ms=166 target=red cube transport=False sorting_thread=alive
12:26:25 [v4][heartbeat] enter=True sorting=False cam=LIVE ai=LIVE cam_fps=49.3 pub_fps=30.4 frames=21746 result_subs=1 roi=ok intrinsic=ok inference_age_ms=86 target=red cube transport=False sorting_thread=alive
12:26:30 [v4][heartbeat] enter=True sorting=False cam=LIVE ai=LIVE cam_fps=49.6 pub_fps=30.2 frames=21994 result_subs=1 roi=ok intrinsic=ok inference_age_ms=149 target=red cube transport=False sorting_thread=alive
12:26:35 [v4][heartbeat] enter=True sorting=False cam=LIVE ai=LIVE cam_fps=46.8 pub_fps=30.4 frames=22228 result_subs=1 roi=ok intrinsic=ok inference_age_ms=80 target=red cube transport=False sorting_thread=alive
12:26:40 [v4][heartbeat] enter=True sorting=False cam=LIVE ai=LIVE cam_fps=49.8 pub_fps=30.2 frames=22477 result_subs=1 roi=ok intrinsic=ok inference_age_ms=138 target=red cube transport=False sorting_thread=alive
12:26:45 [v4][heartbeat] enter=True sorting=False cam=LIVE ai=LIVE cam_fps=50.0 pub_fps=30.4 frames=22727 result_subs=1 roi=ok intrinsic=ok inference_age_ms=60 target=red cube transport=False sorting_thread=alive
12:26:50 [v4][heartbeat] enter=True sorting=False cam=LIVE ai=LIVE cam_fps=46.8 pub_fps=30.2 frames=22961 result_subs=1 roi=ok intrinsic=ok inference_age_ms=134 target=red cube transport=False sorting_thread=alive
12:26:55 [v4][heartbeat] enter=True sorting=False cam=LIVE ai=LIVE cam_fps=50.4 pub_fps=30.2 frames=23213 result_subs=1 roi=ok intrinsic=ok inference_age_ms=77 target=red cube transport=False sorting_thread=alive
12:27:00 [v4][heartbeat] enter=True sorting=False cam=LIVE ai=LIVE cam_fps=48.8 pub_fps=30.3 frames=23458 result_subs=1 roi=ok intrinsic=ok inference_age_ms=31 target=red cube transport=False sorting_thread=alive
12:27:05 [v4][heartbeat] enter=True sorting=False cam=LIVE ai=LIVE cam_fps=49.1 pub_fps=30.5 frames=23703 result_subs=1 roi=ok intrinsic=ok inference_age_ms=51 target=red cube transport=False sorting_thread=alive
12:27:10 [v4][heartbeat] enter=True sorting=False cam=LIVE ai=LIVE cam_fps=50.4 pub_fps=30.2 frames=23955 result_subs=1 roi=ok intrinsic=ok inference_age_ms=124 target=red cube transport=False sorting_thread=alive
12:27:15 [v4][heartbeat] enter=True sorting=False cam=LIVE ai=LIVE cam_fps=48.4 pub_fps=30.4 frames=24197 result_subs=1 roi=ok intrinsic=ok inference_age_ms=56 target=red cube transport=False sorting_thread=alive
12:27:20 [v4][heartbeat] enter=True sorting=False cam=LIVE ai=LIVE cam_fps=52.0 pub_fps=30.2 frames=24457 result_subs=1 roi=ok intrinsic=ok inference_age_ms=110 target=red cube transport=False sorting_thread=alive
12:27:25 [v4][heartbeat] enter=True sorting=False cam=LIVE ai=LIVE cam_fps=46.2 pub_fps=30.2 frames=24688 result_subs=1 roi=ok intrinsic=ok inference_age_ms=155 target=red cube transport=False sorting_thread=alive
12:27:30 [v4][heartbeat] enter=True sorting=False cam=LIVE ai=LIVE cam_fps=48.0 pub_fps=30.4 frames=24928 result_subs=1 roi=ok intrinsic=ok inference_age_ms=91 target=red cube transport=False sorting_thread=alive
12:27:35 [v4][heartbeat] enter=True sorting=False cam=LIVE ai=LIVE cam_fps=52.8 pub_fps=30.4 frames=25192 result_subs=1 roi=ok intrinsic=ok inference_age_ms=141 target=red cube transport=False sorting_thread=alive
12:27:40 [v4][heartbeat] enter=True sorting=False cam=LIVE ai=LIVE cam_fps=47.7 pub_fps=30.3 frames=25431 result_subs=1 roi=ok intrinsic=ok inference_age_ms=62 target=red cube transport=False sorting_thread=alive
12:27:45 [v4][heartbeat] enter=True sorting=False cam=LIVE ai=LIVE cam_fps=50.8 pub_fps=30.2 frames=25685 result_subs=1 roi=ok intrinsic=ok inference_age_ms=115 target=red cube transport=False sorting_thread=alive
12:27:50 [v4][heartbeat] enter=True sorting=False cam=LIVE ai=LIVE cam_fps=48.7 pub_fps=30.2 frames=25928 result_subs=1 roi=ok intrinsic=ok inference_age_ms=149 target=red cube transport=False sorting_thread=alive
12:27:55 [v4][heartbeat] enter=True sorting=False cam=LIVE ai=LIVE cam_fps=48.6 pub_fps=30.4 frames=26171 result_subs=1 roi=ok intrinsic=ok inference_age_ms=61 target=red cube transport=False sorting_thread=alive
12:28:00 [v4][heartbeat] enter=True sorting=False cam=LIVE ai=LIVE cam_fps=51.0 pub_fps=30.2 frames=26426 result_subs=1 roi=ok intrinsic=ok inference_age_ms=124 target=red cube transport=False sorting_thread=alive
12:28:05 [v4][heartbeat] enter=True sorting=False cam=LIVE ai=LIVE cam_fps=50.0 pub_fps=30.4 frames=26676 result_subs=1 roi=ok intrinsic=ok inference_age_ms=183 target=red cube transport=False sorting_thread=alive
12:28:10 [v4][heartbeat] enter=True sorting=False cam=LIVE ai=LIVE cam_fps=50.6 pub_fps=30.2 frames=26929 result_subs=1 roi=ok intrinsic=ok inference_age_ms=115 target=red cube transport=False sorting_thread=alive
12:28:15 [v4][heartbeat] enter=True sorting=False cam=LIVE ai=LIVE cam_fps=48.6 pub_fps=30.4 frames=27172 result_subs=1 roi=ok intrinsic=ok inference_age_ms=54 target=red cube transport=False sorting_thread=alive
12:28:20 [v4][heartbeat] enter=True sorting=False cam=LIVE ai=LIVE cam_fps=49.0 pub_fps=30.2 frames=27417 result_subs=1 roi=ok intrinsic=ok inference_age_ms=111 target=red cube transport=False sorting_thread=alive
12:28:25 [v4][heartbeat] enter=True sorting=False cam=LIVE ai=LIVE cam_fps=51.4 pub_fps=30.4 frames=27674 result_subs=1 roi=ok intrinsic=ok inference_age_ms=34 target=red cube transport=False sorting_thread=alive
12:28:30 [v4][heartbeat] enter=True sorting=False cam=LIVE ai=LIVE cam_fps=49.0 pub_fps=30.4 frames=27919 result_subs=1 roi=ok intrinsic=ok inference_age_ms=99 target=red cube transport=False sorting_thread=alive
12:28:35 [v4][heartbeat] enter=True sorting=False cam=LIVE ai=LIVE cam_fps=50.4 pub_fps=30.2 frames=28171 result_subs=1 roi=ok intrinsic=ok inference_age_ms=147 target=red cube transport=False sorting_thread=alive
12:28:40 [v4][heartbeat] enter=True sorting=False cam=LIVE ai=LIVE cam_fps=50.6 pub_fps=30.2 frames=28424 result_subs=1 roi=ok intrinsic=ok inference_age_ms=79 target=red cube transport=False sorting_thread=alive
12:28:45 [v4][heartbeat] enter=True sorting=False cam=LIVE ai=LIVE cam_fps=46.5 pub_fps=30.3 frames=28657 result_subs=1 roi=ok intrinsic=ok inference_age_ms=153 target=red cube transport=False sorting_thread=alive
12:28:50 [v4][heartbeat] enter=True sorting=False cam=LIVE ai=LIVE cam_fps=54.1 pub_fps=30.3 frames=28927 result_subs=1 roi=ok intrinsic=ok inference_age_ms=170 target=red cube transport=False sorting_thread=alive
12:28:55 [v4][heartbeat] enter=True sorting=False cam=LIVE ai=LIVE cam_fps=51.6 pub_fps=30.4 frames=29185 result_subs=1 roi=ok intrinsic=ok inference_age_ms=84 target=red cube transport=False sorting_thread=alive
12:29:00 [v4][heartbeat] enter=True sorting=False cam=LIVE ai=LIVE cam_fps=52.0 pub_fps=30.2 frames=29445 result_subs=1 roi=ok intrinsic=ok inference_age_ms=143 target=red cube transport=False sorting_thread=alive
12:29:05 [v4][heartbeat] enter=True sorting=False cam=LIVE ai=LIVE cam_fps=53.6 pub_fps=30.4 frames=29713 result_subs=1 roi=ok intrinsic=ok inference_age_ms=90 target=red cube transport=False sorting_thread=alive
12:29:10 [v4][heartbeat] enter=True sorting=False cam=LIVE ai=LIVE cam_fps=48.8 pub_fps=30.4 frames=29957 result_subs=1 roi=ok intrinsic=ok inference_age_ms=46 target=red cube transport=False sorting_thread=alive
12:29:15 [v4][heartbeat] enter=True sorting=False cam=LIVE ai=LIVE cam_fps=52.4 pub_fps=30.2 frames=30219 result_subs=1 roi=ok intrinsic=ok inference_age_ms=111 target=red cube transport=False sorting_thread=alive
12:29:20 [v4][heartbeat] enter=True sorting=False cam=LIVE ai=LIVE cam_fps=49.0 pub_fps=30.2 frames=30464 result_subs=1 roi=ok intrinsic=ok inference_age_ms=144 target=red cube transport=False sorting_thread=alive
12:29:25 [v4][heartbeat] enter=True sorting=False cam=LIVE ai=LIVE cam_fps=51.2 pub_fps=30.4 frames=30720 result_subs=1 roi=ok intrinsic=ok inference_age_ms=74 target=red cube transport=False sorting_thread=alive
12:29:30 [v4][heartbeat] enter=True sorting=False cam=LIVE ai=LIVE cam_fps=52.4 pub_fps=30.4 frames=30982 result_subs=1 roi=ok intrinsic=ok inference_age_ms=130 target=red cube transport=False sorting_thread=alive
12:29:35 [v4][heartbeat] enter=True sorting=False cam=LIVE ai=LIVE cam_fps=47.4 pub_fps=30.2 frames=31219 result_subs=1 roi=ok intrinsic=ok inference_age_ms=83 target=red cube transport=False sorting_thread=alive
12:29:40 [v4][heartbeat] enter=True sorting=False cam=LIVE ai=LIVE cam_fps=51.0 pub_fps=30.4 frames=31474 result_subs=1 roi=ok intrinsic=ok inference_age_ms=149 target=red cube transport=False sorting_thread=alive
12:29:45 [v4][heartbeat] enter=True sorting=False cam=LIVE ai=LIVE cam_fps=51.0 pub_fps=30.2 frames=31729 result_subs=1 roi=ok intrinsic=ok inference_age_ms=66 target=red cube transport=False sorting_thread=alive
12:29:50 [v4][heartbeat] enter=True sorting=False cam=LIVE ai=LIVE cam_fps=52.6 pub_fps=30.4 frames=31992 result_subs=1 roi=ok intrinsic=ok inference_age_ms=121 target=red cube transport=False sorting_thread=alive
12:29:55 [v4][heartbeat] enter=True sorting=False cam=LIVE ai=LIVE cam_fps=52.4 pub_fps=30.2 frames=32254 result_subs=1 roi=ok intrinsic=ok inference_age_ms=160 target=red cube transport=False sorting_thread=alive
12:30:00 [v4][heartbeat] enter=True sorting=False cam=LIVE ai=LIVE cam_fps=48.2 pub_fps=30.4 frames=32495 result_subs=1 roi=ok intrinsic=ok inference_age_ms=112 target=red cube transport=False sorting_thread=alive
12:30:05 [v4][heartbeat] enter=True sorting=False cam=LIVE ai=LIVE cam_fps=49.0 pub_fps=30.4 frames=32740 result_subs=1 roi=ok intrinsic=ok inference_age_ms=175 target=red cube transport=False sorting_thread=alive
12:30:10 [v4][heartbeat] enter=True sorting=False cam=LIVE ai=LIVE cam_fps=48.8 pub_fps=30.2 frames=32984 result_subs=1 roi=ok intrinsic=ok inference_age_ms=117 target=red cube transport=False sorting_thread=alive
12:30:15 [v4][heartbeat] enter=True sorting=False cam=LIVE ai=LIVE cam_fps=50.0 pub_fps=30.2 frames=33234 result_subs=1 roi=ok intrinsic=ok inference_age_ms=58 target=red cube transport=False sorting_thread=alive
12:30:20 [v4][heartbeat] enter=True sorting=False cam=LIVE ai=LIVE cam_fps=52.0 pub_fps=30.4 frames=33494 result_subs=1 roi=ok intrinsic=ok inference_age_ms=101 target=red cube transport=False sorting_thread=alive
12:30:25 [v4][heartbeat] enter=True sorting=False cam=LIVE ai=LIVE cam_fps=47.2 pub_fps=30.2 frames=33730 result_subs=1 roi=ok intrinsic=ok inference_age_ms=142 target=red cube transport=False sorting_thread=alive
12:30:30 [v4][heartbeat] enter=True sorting=False cam=LIVE ai=LIVE cam_fps=51.6 pub_fps=30.4 frames=33988 result_subs=1 roi=ok intrinsic=ok inference_age_ms=206 target=red cube transport=False sorting_thread=alive
12:30:35 [v4][heartbeat] enter=True sorting=False cam=LIVE ai=LIVE cam_fps=44.2 pub_fps=30.2 frames=34209 result_subs=1 roi=ok intrinsic=ok inference_age_ms=130 target=red cube transport=False sorting_thread=alive
12:30:40 [v4][heartbeat] enter=True sorting=False cam=LIVE ai=LIVE cam_fps=39.2 pub_fps=30.4 frames=34405 result_subs=1 roi=ok intrinsic=ok inference_age_ms=166 target=red cube transport=False sorting_thread=alive
12:30:45 [v4][heartbeat] enter=True sorting=False cam=LIVE ai=LIVE cam_fps=46.4 pub_fps=30.4 frames=34637 result_subs=1 roi=ok intrinsic=ok inference_age_ms=97 target=red cube transport=False sorting_thread=alive
12:30:50 [v4][heartbeat] enter=True sorting=False cam=LIVE ai=LIVE cam_fps=44.2 pub_fps=30.0 frames=34858 result_subs=1 roi=ok intrinsic=ok inference_age_ms=45 target=red cube transport=False sorting_thread=alive
12:30:55 [v4][heartbeat] enter=True sorting=False cam=LIVE ai=LIVE cam_fps=45.2 pub_fps=30.4 frames=35084 result_subs=1 roi=ok intrinsic=ok inference_age_ms=198 target=red cube transport=False sorting_thread=alive
12:31:00 [v4][heartbeat] enter=True sorting=False cam=LIVE ai=LIVE cam_fps=42.8 pub_fps=30.4 frames=35298 result_subs=1 roi=ok intrinsic=ok inference_age_ms=126 target=red cube transport=False sorting_thread=alive
12:31:05 [v4][heartbeat] enter=True sorting=False cam=LIVE ai=LIVE cam_fps=41.0 pub_fps=30.4 frames=35503 result_subs=1 roi=ok intrinsic=ok inference_age_ms=64 target=red cube transport=False sorting_thread=alive
12:31:10 [v4][heartbeat] enter=True sorting=False cam=LIVE ai=LIVE cam_fps=49.6 pub_fps=30.2 frames=35751 result_subs=1 roi=ok intrinsic=ok inference_age_ms=90 target=red cube transport=False sorting_thread=alive
12:31:15 [v4][heartbeat] enter=True sorting=False cam=LIVE ai=LIVE cam_fps=42.5 pub_fps=30.1 frames=35964 result_subs=1 roi=ok intrinsic=ok inference_age_ms=147 target=red cube transport=False sorting_thread=alive
12:31:20 [v4][heartbeat] enter=True sorting=False cam=LIVE ai=LIVE cam_fps=47.4 pub_fps=30.2 frames=36201 result_subs=1 roi=ok intrinsic=ok inference_age_ms=172 target=red cube transport=False sorting_thread=alive
12:31:25 [v4][heartbeat] enter=True sorting=False cam=LIVE ai=LIVE cam_fps=46.1 pub_fps=30.2 frames=36431 result_subs=1 roi=ok intrinsic=ok inference_age_ms=75 target=red cube transport=False sorting_thread=alive
12:31:30 [v4][heartbeat] enter=True sorting=False cam=LIVE ai=LIVE cam_fps=49.2 pub_fps=30.4 frames=36677 result_subs=1 roi=ok intrinsic=ok inference_age_ms=134 target=red cube transport=False sorting_thread=alive
12:31:35 [v4][heartbeat] enter=True sorting=False cam=LIVE ai=LIVE cam_fps=53.6 pub_fps=30.4 frames=36945 result_subs=1 roi=ok intrinsic=ok inference_age_ms=70 target=red cube transport=False sorting_thread=alive
12:31:40 [v4][heartbeat] enter=True sorting=False cam=LIVE ai=LIVE cam_fps=50.7 pub_fps=30.2 frames=37198 result_subs=1 roi=ok intrinsic=ok inference_age_ms=123 target=red cube transport=False sorting_thread=alive
12:31:45 [v4][heartbeat] enter=True sorting=False cam=LIVE ai=LIVE cam_fps=48.4 pub_fps=30.2 frames=37440 result_subs=1 roi=ok intrinsic=ok inference_age_ms=74 target=red cube transport=False sorting_thread=alive
12:31:50 [v4][heartbeat] enter=True sorting=False cam=LIVE ai=LIVE cam_fps=50.8 pub_fps=30.4 frames=37694 result_subs=1 roi=ok intrinsic=ok inference_age_ms=144 target=red cube transport=False sorting_thread=alive
12:31:55 [v4][heartbeat] enter=True sorting=False cam=LIVE ai=LIVE cam_fps=49.7 pub_fps=30.4 frames=37943 result_subs=1 roi=ok intrinsic=ok inference_age_ms=95 target=red cube transport=False sorting_thread=alive
12:32:00 [v4][heartbeat] enter=True sorting=False cam=LIVE ai=LIVE cam_fps=49.5 pub_fps=30.2 frames=38190 result_subs=1 roi=ok intrinsic=ok inference_age_ms=146 target=red cube transport=False sorting_thread=alive
12:32:05 [v4][heartbeat] enter=True sorting=False cam=LIVE ai=LIVE cam_fps=48.1 pub_fps=30.3 frames=38431 result_subs=1 roi=ok intrinsic=ok inference_age_ms=87 target=red cube transport=False sorting_thread=alive
12:32:10 [v4][heartbeat] enter=True sorting=False cam=LIVE ai=LIVE cam_fps=48.4 pub_fps=30.2 frames=38673 result_subs=1 roi=ok intrinsic=ok inference_age_ms=158 target=red cube transport=False sorting_thread=alive
12:32:15 [v4][heartbeat] enter=True sorting=False cam=LIVE ai=LIVE cam_fps=53.6 pub_fps=30.4 frames=38941 result_subs=1 roi=ok intrinsic=ok inference_age_ms=100 target=red cube transport=False sorting_thread=alive
12:32:20 [v4][heartbeat] enter=True sorting=False cam=LIVE ai=LIVE cam_fps=47.8 pub_fps=30.2 frames=39180 result_subs=1 roi=ok intrinsic=ok inference_age_ms=41 target=red cube transport=False sorting_thread=alive
12:32:25 [v4][heartbeat] enter=True sorting=False cam=LIVE ai=LIVE cam_fps=50.0 pub_fps=30.4 frames=39430 result_subs=1 roi=ok intrinsic=ok inference_age_ms=97 target=red cube transport=False sorting_thread=alive
12:32:30 [v4][heartbeat] enter=True sorting=False cam=LIVE ai=LIVE cam_fps=49.2 pub_fps=30.2 frames=39676 result_subs=1 roi=ok intrinsic=ok inference_age_ms=148 target=red cube transport=False sorting_thread=alive
12:32:35 [v4][heartbeat] enter=True sorting=False cam=LIVE ai=LIVE cam_fps=50.0 pub_fps=30.4 frames=39926 result_subs=1 roi=ok intrinsic=ok inference_age_ms=65 target=red cube transport=False sorting_thread=alive
12:32:40 [v4][heartbeat] enter=True sorting=False cam=LIVE ai=LIVE cam_fps=52.1 pub_fps=30.1 frames=40187 result_subs=1 roi=ok intrinsic=ok inference_age_ms=138 target=red cube transport=False sorting_thread=alive
12:32:45 [v4][heartbeat] enter=True sorting=False cam=LIVE ai=LIVE cam_fps=46.9 pub_fps=30.5 frames=40421 result_subs=1 roi=ok intrinsic=ok inference_age_ms=50 target=red cube transport=False sorting_thread=alive
12:32:50 [v4][heartbeat] enter=True sorting=False cam=LIVE ai=LIVE cam_fps=49.6 pub_fps=30.2 frames=40669 result_subs=1 roi=ok intrinsic=ok inference_age_ms=124 target=red cube transport=False sorting_thread=alive
12:32:55 [v4][heartbeat] enter=True sorting=False cam=LIVE ai=LIVE cam_fps=45.6 pub_fps=30.2 frames=40897 result_subs=1 roi=ok intrinsic=ok inference_age_ms=177 target=red cube transport=False sorting_thread=alive
12:33:00 [v4][heartbeat] enter=True sorting=False cam=LIVE ai=LIVE cam_fps=45.1 pub_fps=30.5 frames=41123 result_subs=1 roi=ok intrinsic=ok inference_age_ms=121 target=red cube transport=False sorting_thread=alive
12:33:05 [v4][heartbeat] enter=True sorting=False cam=LIVE ai=LIVE cam_fps=52.3 pub_fps=30.2 frames=41384 result_subs=1 roi=ok intrinsic=ok inference_age_ms=138 target=red cube transport=False sorting_thread=alive
12:33:10 [v4][heartbeat] enter=True sorting=False cam=LIVE ai=LIVE cam_fps=44.4 pub_fps=30.2 frames=41606 result_subs=1 roi=ok intrinsic=ok inference_age_ms=66 target=red cube transport=False sorting_thread=alive
12:33:15 [v4][heartbeat] enter=True sorting=False cam=LIVE ai=LIVE cam_fps=50.5 pub_fps=30.4 frames=41858 result_subs=1 roi=ok intrinsic=ok inference_age_ms=114 target=red cube transport=False sorting_thread=alive
12:33:20 [v4][heartbeat] enter=True sorting=False cam=LIVE ai=LIVE cam_fps=51.4 pub_fps=30.2 frames=42115 result_subs=1 roi=ok intrinsic=ok inference_age_ms=53 target=red cube transport=False sorting_thread=alive
12:33:25 [v4][heartbeat] enter=True sorting=False cam=LIVE ai=LIVE cam_fps=47.8 pub_fps=30.4 frames=42354 result_subs=1 roi=ok intrinsic=ok inference_age_ms=111 target=red cube transport=False sorting_thread=alive
12:33:30 [v4][heartbeat] enter=True sorting=False cam=LIVE ai=LIVE cam_fps=53.8 pub_fps=30.4 frames=42623 result_subs=1 roi=ok intrinsic=ok inference_age_ms=52 target=red cube transport=False sorting_thread=alive
12:33:35 [v4][heartbeat] enter=True sorting=False cam=LIVE ai=LIVE cam_fps=47.0 pub_fps=30.2 frames=42858 result_subs=1 roi=ok intrinsic=ok inference_age_ms=102 target=red cube transport=False sorting_thread=alive
12:33:40 [v4][heartbeat] enter=True sorting=False cam=LIVE ai=LIVE cam_fps=50.4 pub_fps=30.2 frames=43110 result_subs=1 roi=ok intrinsic=ok inference_age_ms=46 target=red cube transport=False sorting_thread=alive
12:33:45 [v4][heartbeat] enter=True sorting=False cam=LIVE ai=LIVE cam_fps=51.0 pub_fps=30.4 frames=43365 result_subs=1 roi=ok intrinsic=ok inference_age_ms=108 target=red cube transport=False sorting_thread=alive
12:33:50 [v4][heartbeat] enter=True sorting=False cam=LIVE ai=LIVE cam_fps=46.4 pub_fps=30.2 frames=43597 result_subs=1 roi=ok intrinsic=ok inference_age_ms=174 target=red cube transport=False sorting_thread=alive
12:33:55 [v4][heartbeat] enter=True sorting=False cam=LIVE ai=LIVE cam_fps=54.4 pub_fps=30.4 frames=43869 result_subs=1 roi=ok intrinsic=ok inference_age_ms=105 target=red cube transport=False sorting_thread=alive
12:34:00 [v4][heartbeat] enter=True sorting=False cam=LIVE ai=LIVE cam_fps=48.7 pub_fps=30.2 frames=44113 result_subs=1 roi=ok intrinsic=ok inference_age_ms=184 target=red cube transport=False sorting_thread=alive
12:34:05 [v4][heartbeat] enter=True sorting=False cam=LIVE ai=LIVE cam_fps=50.5 pub_fps=30.4 frames=44365 result_subs=1 roi=ok intrinsic=ok inference_age_ms=99 target=red cube transport=False sorting_thread=alive
12:34:10 [v4][heartbeat] enter=True sorting=False cam=LIVE ai=LIVE cam_fps=53.4 pub_fps=30.2 frames=44632 result_subs=1 roi=ok intrinsic=ok inference_age_ms=43 target=red cube transport=False sorting_thread=alive
12:34:15 [v4][heartbeat] enter=True sorting=False cam=LIVE ai=LIVE cam_fps=48.0 pub_fps=30.4 frames=44872 result_subs=1 roi=ok intrinsic=ok inference_age_ms=102 target=red cube transport=False sorting_thread=alive
12:34:20 [v4][heartbeat] enter=True sorting=False cam=LIVE ai=LIVE cam_fps=51.0 pub_fps=30.2 frames=45127 result_subs=1 roi=ok intrinsic=ok inference_age_ms=171 target=red cube transport=False sorting_thread=alive
12:34:25 [v4][heartbeat] enter=True sorting=False cam=LIVE ai=LIVE cam_fps=49.4 pub_fps=30.4 frames=45374 result_subs=1 roi=ok intrinsic=ok inference_age_ms=122 target=red cube transport=False sorting_thread=alive
12:34:30 [v4][heartbeat] enter=True sorting=False cam=LIVE ai=LIVE cam_fps=51.4 pub_fps=30.2 frames=45631 result_subs=1 roi=ok intrinsic=ok inference_age_ms=62 target=red cube transport=False sorting_thread=alive
12:34:35 [v4][heartbeat] enter=True sorting=False cam=LIVE ai=LIVE cam_fps=52.8 pub_fps=30.4 frames=45895 result_subs=1 roi=ok intrinsic=ok inference_age_ms=121 target=red cube transport=False sorting_thread=alive
12:34:40 [v4][heartbeat] enter=True sorting=False cam=LIVE ai=LIVE cam_fps=47.9 pub_fps=30.3 frames=46135 result_subs=1 roi=ok intrinsic=ok inference_age_ms=195 target=red cube transport=False sorting_thread=alive
12:34:45 [v4][heartbeat] enter=True sorting=False cam=LIVE ai=LIVE cam_fps=51.1 pub_fps=30.1 frames=46391 result_subs=1 roi=ok intrinsic=ok inference_age_ms=152 target=red cube transport=False sorting_thread=alive
12:34:50 [v4][heartbeat] enter=True sorting=False cam=LIVE ai=LIVE cam_fps=50.0 pub_fps=30.3 frames=46640 result_subs=1 roi=ok intrinsic=ok inference_age_ms=170 target=red cube transport=False sorting_thread=alive
12:34:55 [v4][heartbeat] enter=True sorting=False cam=LIVE ai=LIVE cam_fps=49.9 pub_fps=30.4 frames=46890 result_subs=1 roi=ok intrinsic=ok inference_age_ms=101 target=red cube transport=False sorting_thread=alive
12:35:00 [v4][heartbeat] enter=True sorting=False cam=LIVE ai=LIVE cam_fps=51.6 pub_fps=30.4 frames=47148 result_subs=1 roi=ok intrinsic=ok inference_age_ms=171 target=red cube transport=False sorting_thread=alive
12:35:05 [v4][heartbeat] enter=True sorting=False cam=LIVE ai=LIVE cam_fps=45.8 pub_fps=30.2 frames=47377 result_subs=1 roi=ok intrinsic=ok inference_age_ms=102 target=red cube transport=False sorting_thread=alive
12:35:10 [v4][heartbeat] enter=True sorting=False cam=LIVE ai=LIVE cam_fps=53.4 pub_fps=30.2 frames=47644 result_subs=1 roi=ok intrinsic=ok inference_age_ms=161 target=red cube transport=False sorting_thread=alive
12:35:15 [v4][heartbeat] enter=True sorting=False cam=LIVE ai=LIVE cam_fps=51.4 pub_fps=30.4 frames=47901 result_subs=1 roi=ok intrinsic=ok inference_age_ms=70 target=red cube transport=False sorting_thread=alive
12:35:20 [v4][heartbeat] enter=True sorting=False cam=LIVE ai=LIVE cam_fps=48.8 pub_fps=30.2 frames=48145 result_subs=1 roi=ok intrinsic=ok inference_age_ms=145 target=red cube transport=False sorting_thread=alive
12:35:25 [v4][heartbeat] enter=True sorting=False cam=LIVE ai=LIVE cam_fps=53.5 pub_fps=30.4 frames=48413 result_subs=1 roi=ok intrinsic=ok inference_age_ms=87 target=red cube transport=False sorting_thread=alive
12:35:30 [v4][heartbeat] enter=True sorting=False cam=LIVE ai=LIVE cam_fps=48.3 pub_fps=30.4 frames=48654 result_subs=1 roi=ok intrinsic=ok inference_age_ms=134 target=red cube transport=False sorting_thread=alive
12:35:35 [v4][heartbeat] enter=True sorting=False cam=LIVE ai=LIVE cam_fps=50.6 pub_fps=30.2 frames=48907 result_subs=1 roi=ok intrinsic=ok inference_age_ms=59 target=red cube transport=False sorting_thread=alive
12:35:40 [v4][heartbeat] enter=True sorting=False cam=LIVE ai=LIVE cam_fps=52.0 pub_fps=30.4 frames=49167 result_subs=1 roi=ok intrinsic=ok inference_age_ms=129 target=red cube transport=False sorting_thread=alive
12:35:45 [v4][heartbeat] enter=True sorting=False cam=LIVE ai=LIVE cam_fps=46.6 pub_fps=30.2 frames=49400 result_subs=1 roi=ok intrinsic=ok inference_age_ms=184 target=red cube transport=False sorting_thread=alive
12:35:50 [v4][heartbeat] enter=True sorting=False cam=LIVE ai=LIVE cam_fps=52.4 pub_fps=30.4 frames=49662 result_subs=1 roi=ok intrinsic=ok inference_age_ms=107 target=red cube transport=False sorting_thread=alive
12:35:55 [v4][heartbeat] enter=True sorting=False cam=LIVE ai=LIVE cam_fps=47.8 pub_fps=30.2 frames=49901 result_subs=1 roi=ok intrinsic=ok inference_age_ms=161 target=red cube transport=False sorting_thread=alive
12:36:00 [v4][heartbeat] enter=True sorting=False cam=LIVE ai=LIVE cam_fps=49.2 pub_fps=30.2 frames=50147 result_subs=1 roi=ok intrinsic=ok inference_age_ms=102 target=red cube transport=False sorting_thread=alive
12:36:05 [v4][heartbeat] enter=True sorting=False cam=LIVE ai=LIVE cam_fps=50.4 pub_fps=30.4 frames=50399 result_subs=1 roi=ok intrinsic=ok inference_age_ms=43 target=red cube transport=False sorting_thread=alive
12:36:10 [v4][heartbeat] enter=True sorting=False cam=LIVE ai=LIVE cam_fps=47.2 pub_fps=30.4 frames=50635 result_subs=1 roi=ok intrinsic=ok inference_age_ms=126 target=red cube transport=False sorting_thread=alive
12:36:15 [v4][heartbeat] enter=True sorting=False cam=LIVE ai=LIVE cam_fps=51.6 pub_fps=30.2 frames=50893 result_subs=1 roi=ok intrinsic=ok inference_age_ms=189 target=red cube transport=False sorting_thread=alive
12:36:20 [v4][heartbeat] enter=True sorting=False cam=LIVE ai=LIVE cam_fps=48.4 pub_fps=30.4 frames=51135 result_subs=1 roi=ok intrinsic=ok inference_age_ms=108 target=red cube transport=False sorting_thread=alive
12:36:25 [v4][heartbeat] enter=True sorting=False cam=LIVE ai=LIVE cam_fps=51.0 pub_fps=30.4 frames=51390 result_subs=1 roi=ok intrinsic=ok inference_age_ms=50 target=red cube transport=False sorting_thread=alive
12:36:30 [v4][heartbeat] enter=True sorting=False cam=LIVE ai=LIVE cam_fps=47.6 pub_fps=30.2 frames=51628 result_subs=1 roi=ok intrinsic=ok inference_age_ms=87 target=red cube transport=False sorting_thread=alive
12:36:35 [v4][heartbeat] enter=True sorting=False cam=LIVE ai=LIVE cam_fps=45.0 pub_fps=30.2 frames=51853 result_subs=1 roi=ok intrinsic=ok inference_age_ms=113 target=red cube transport=False sorting_thread=alive
12:36:40 [v4][heartbeat] enter=True sorting=False cam=LIVE ai=LIVE cam_fps=45.8 pub_fps=30.4 frames=52082 result_subs=1 roi=ok intrinsic=ok inference_age_ms=38 target=red cube transport=False sorting_thread=alive
12:36:45 [v4][heartbeat] enter=True sorting=False cam=LIVE ai=LIVE cam_fps=44.0 pub_fps=30.2 frames=52302 result_subs=1 roi=ok intrinsic=ok inference_age_ms=83 target=red cube transport=False sorting_thread=alive
12:36:50 [v4][heartbeat] enter=True sorting=False cam=LIVE ai=LIVE cam_fps=48.8 pub_fps=30.4 frames=52546 result_subs=1 roi=ok intrinsic=ok inference_age_ms=152 target=red cube transport=False sorting_thread=alive
12:36:55 [v4][heartbeat] enter=True sorting=False cam=LIVE ai=LIVE cam_fps=47.2 pub_fps=30.2 frames=52782 result_subs=1 roi=ok intrinsic=ok inference_age_ms=80 target=red cube transport=False sorting_thread=alive
12:37:00 [v4][heartbeat] enter=True sorting=False cam=LIVE ai=LIVE cam_fps=49.2 pub_fps=30.2 frames=53028 result_subs=1 roi=ok intrinsic=ok inference_age_ms=153 target=red cube transport=False sorting_thread=alive
12:37:05 [v4][heartbeat] enter=True sorting=False cam=LIVE ai=LIVE cam_fps=51.8 pub_fps=30.4 frames=53287 result_subs=1 roi=ok intrinsic=ok inference_age_ms=95 target=red cube transport=False sorting_thread=alive
12:37:10 [v4][heartbeat] enter=True sorting=False cam=LIVE ai=LIVE cam_fps=52.3 pub_fps=30.2 frames=53549 result_subs=1 roi=ok intrinsic=ok inference_age_ms=168 target=red cube transport=False sorting_thread=alive
12:37:15 [v4][heartbeat] enter=True sorting=False cam=LIVE ai=LIVE cam_fps=48.8 pub_fps=30.2 frames=53793 result_subs=1 roi=ok intrinsic=ok inference_age_ms=106 target=red cube transport=False sorting_thread=alive
12:37:20 [v4][heartbeat] enter=True sorting=False cam=LIVE ai=LIVE cam_fps=50.8 pub_fps=30.4 frames=54047 result_subs=1 roi=ok intrinsic=ok inference_age_ms=146 target=red cube transport=False sorting_thread=alive
12:37:25 [v4][heartbeat] enter=True sorting=False cam=LIVE ai=LIVE cam_fps=44.8 pub_fps=30.4 frames=54271 result_subs=1 roi=ok intrinsic=ok inference_age_ms=80 target=red cube transport=False sorting_thread=alive
12:37:30 [v4][heartbeat] enter=True sorting=False cam=LIVE ai=LIVE cam_fps=49.8 pub_fps=30.2 frames=54520 result_subs=1 roi=ok intrinsic=ok inference_age_ms=152 target=red cube transport=False sorting_thread=alive
12:37:35 [v4][heartbeat] enter=True sorting=False cam=LIVE ai=LIVE cam_fps=51.9 pub_fps=30.4 frames=54779 result_subs=1 roi=ok intrinsic=ok inference_age_ms=56 target=red cube transport=False sorting_thread=alive
12:37:40 [v4][heartbeat] enter=True sorting=False cam=LIVE ai=LIVE cam_fps=45.6 pub_fps=30.2 frames=55007 result_subs=1 roi=ok intrinsic=ok inference_age_ms=119 target=red cube transport=False sorting_thread=alive
12:37:45 [v4][heartbeat] enter=True sorting=False cam=LIVE ai=LIVE cam_fps=53.0 pub_fps=30.4 frames=55272 result_subs=1 roi=ok intrinsic=ok inference_age_ms=182 target=red cube transport=False sorting_thread=alive
12:37:50 [v4][heartbeat] enter=True sorting=False cam=LIVE ai=LIVE cam_fps=50.0 pub_fps=30.2 frames=55522 result_subs=1 roi=ok intrinsic=ok inference_age_ms=107 target=red cube transport=False sorting_thread=alive
12:37:55 [v4][heartbeat] enter=True sorting=False cam=LIVE ai=LIVE cam_fps=51.8 pub_fps=30.2 frames=55781 result_subs=1 roi=ok intrinsic=ok inference_age_ms=52 target=red cube transport=False sorting_thread=alive
12:38:00 [v4][heartbeat] enter=True sorting=False cam=LIVE ai=LIVE cam_fps=47.4 pub_fps=30.4 frames=56018 result_subs=1 roi=ok intrinsic=ok inference_age_ms=119 target=red cube transport=False sorting_thread=alive
12:38:05 [v4][heartbeat] enter=True sorting=False cam=LIVE ai=LIVE cam_fps=47.2 pub_fps=30.4 frames=56254 result_subs=1 roi=ok intrinsic=ok inference_age_ms=49 target=red cube transport=False sorting_thread=alive
12:38:10 [v4][heartbeat] enter=True sorting=False cam=LIVE ai=LIVE cam_fps=43.2 pub_fps=30.2 frames=56470 result_subs=1 roi=ok intrinsic=ok inference_age_ms=121 target=red cube transport=False sorting_thread=alive
12:38:15 [v4][heartbeat] enter=True sorting=False cam=LIVE ai=LIVE cam_fps=48.6 pub_fps=30.4 frames=56713 result_subs=1 roi=ok intrinsic=ok inference_age_ms=61 target=red cube transport=False sorting_thread=alive
12:38:20 [v4][heartbeat] enter=True sorting=False cam=LIVE ai=LIVE cam_fps=49.6 pub_fps=30.2 frames=56961 result_subs=1 roi=ok intrinsic=ok inference_age_ms=125 target=red cube transport=False sorting_thread=alive
12:38:25 [v4][heartbeat] enter=True sorting=False cam=LIVE ai=LIVE cam_fps=49.8 pub_fps=30.4 frames=57210 result_subs=1 roi=ok intrinsic=ok inference_age_ms=78 target=red cube transport=False sorting_thread=alive
12:38:30 [v4][heartbeat] enter=True sorting=False cam=LIVE ai=LIVE cam_fps=46.0 pub_fps=30.2 frames=57440 result_subs=1 roi=ok intrinsic=ok inference_age_ms=146 target=red cube transport=False sorting_thread=alive
12:38:35 [v4][heartbeat] enter=True sorting=False cam=LIVE ai=LIVE cam_fps=56.0 pub_fps=30.4 frames=57720 result_subs=1 roi=ok intrinsic=ok inference_age_ms=84 target=red cube transport=False sorting_thread=alive
12:38:40 [v4][heartbeat] enter=True sorting=False cam=LIVE ai=LIVE cam_fps=50.4 pub_fps=30.2 frames=57972 result_subs=1 roi=ok intrinsic=ok inference_age_ms=170 target=red cube transport=False sorting_thread=alive
12:38:45 [v4][heartbeat] enter=True sorting=False cam=LIVE ai=LIVE cam_fps=49.6 pub_fps=30.4 frames=58220 result_subs=1 roi=ok intrinsic=ok inference_age_ms=108 target=red cube transport=False sorting_thread=alive
12:38:50 [v4][heartbeat] enter=True sorting=False cam=LIVE ai=LIVE cam_fps=50.3 pub_fps=30.4 frames=58472 result_subs=1 roi=ok intrinsic=ok inference_age_ms=55 target=red cube transport=False sorting_thread=alive
12:38:55 [v4][heartbeat] enter=True sorting=False cam=LIVE ai=LIVE cam_fps=49.4 pub_fps=30.2 frames=58719 result_subs=1 roi=ok intrinsic=ok inference_age_ms=132 target=red cube transport=False sorting_thread=alive
12:39:00 [v4][heartbeat] enter=True sorting=False cam=LIVE ai=LIVE cam_fps=54.2 pub_fps=30.2 frames=58990 result_subs=1 roi=ok intrinsic=ok inference_age_ms=80 target=red cube transport=False sorting_thread=alive
12:39:05 [v4][heartbeat] enter=True sorting=False cam=LIVE ai=LIVE cam_fps=51.4 pub_fps=30.4 frames=59247 result_subs=1 roi=ok intrinsic=ok inference_age_ms=137 target=red cube transport=False sorting_thread=alive
12:39:10 [v4][heartbeat] enter=True sorting=False cam=LIVE ai=LIVE cam_fps=49.6 pub_fps=30.2 frames=59495 result_subs=1 roi=ok intrinsic=ok inference_age_ms=87 target=red cube transport=False sorting_thread=alive
12:39:15 [v4][heartbeat] enter=True sorting=False cam=LIVE ai=LIVE cam_fps=52.9 pub_fps=30.4 frames=59759 result_subs=1 roi=ok intrinsic=ok inference_age_ms=143 target=red cube transport=False sorting_thread=alive
12:39:20 [v4][heartbeat] enter=True sorting=False cam=LIVE ai=LIVE cam_fps=48.4 pub_fps=30.3 frames=60002 result_subs=1 roi=ok intrinsic=ok inference_age_ms=101 target=red cube transport=False sorting_thread=alive
12:39:25 [v4][heartbeat] enter=True sorting=False cam=LIVE ai=LIVE cam_fps=53.0 pub_fps=30.3 frames=60266 result_subs=1 roi=ok intrinsic=ok inference_age_ms=134 target=red cube transport=False sorting_thread=alive
12:39:30 [v4][heartbeat] enter=True sorting=False cam=LIVE ai=LIVE cam_fps=49.6 pub_fps=30.2 frames=60514 result_subs=1 roi=ok intrinsic=ok inference_age_ms=87 target=red cube transport=False sorting_thread=alive
12:39:35 [v4][heartbeat] enter=True sorting=False cam=LIVE ai=LIVE cam_fps=49.2 pub_fps=30.4 frames=60760 result_subs=1 roi=ok intrinsic=ok inference_age_ms=160 target=red cube transport=False sorting_thread=alive
12:39:40 [v4][heartbeat] enter=True sorting=False cam=LIVE ai=LIVE cam_fps=53.0 pub_fps=30.4 frames=61025 result_subs=1 roi=ok intrinsic=ok inference_age_ms=97 target=red cube transport=False sorting_thread=alive
12:39:45 [v4][heartbeat] enter=True sorting=False cam=LIVE ai=LIVE cam_fps=47.6 pub_fps=30.2 frames=61263 result_subs=1 roi=ok intrinsic=ok inference_age_ms=150 target=red cube transport=False sorting_thread=alive
12:39:50 [v4][heartbeat] enter=True sorting=False cam=LIVE ai=LIVE cam_fps=53.9 pub_fps=30.4 frames=61533 result_subs=1 roi=ok intrinsic=ok inference_age_ms=99 target=red cube transport=False sorting_thread=alive
12:39:55 [v4][heartbeat] enter=True sorting=False cam=LIVE ai=LIVE cam_fps=51.8 pub_fps=30.2 frames=61792 result_subs=1 roi=ok intrinsic=ok inference_age_ms=160 target=red cube transport=False sorting_thread=alive
12:40:00 [v4][heartbeat] enter=True sorting=False cam=LIVE ai=LIVE cam_fps=48.8 pub_fps=30.4 frames=62036 result_subs=1 roi=ok intrinsic=ok inference_age_ms=107 target=red cube transport=False sorting_thread=alive
12:40:05 [v4][heartbeat] enter=True sorting=False cam=LIVE ai=LIVE cam_fps=53.4 pub_fps=30.2 frames=62303 result_subs=1 roi=ok intrinsic=ok inference_age_ms=183 target=red cube transport=False sorting_thread=alive
12:40:10 [v4][heartbeat] enter=True sorting=False cam=LIVE ai=LIVE cam_fps=46.0 pub_fps=30.4 frames=62533 result_subs=1 roi=ok intrinsic=ok inference_age_ms=96 target=red cube transport=False sorting_thread=alive
12:40:15 [v4][heartbeat] enter=True sorting=False cam=LIVE ai=LIVE cam_fps=51.4 pub_fps=30.2 frames=62790 result_subs=1 roi=ok intrinsic=ok inference_age_ms=141 target=red cube transport=False sorting_thread=alive
12:40:20 [v4][heartbeat] enter=True sorting=False cam=LIVE ai=LIVE cam_fps=51.8 pub_fps=30.4 frames=63049 result_subs=1 roi=ok intrinsic=ok inference_age_ms=84 target=red cube transport=False sorting_thread=alive
12:40:25 [v4][heartbeat] enter=True sorting=False cam=LIVE ai=LIVE cam_fps=49.8 pub_fps=30.2 frames=63298 result_subs=1 roi=ok intrinsic=ok inference_age_ms=37 target=red cube transport=False sorting_thread=alive
