# v5 session 2026-06-24_13-01-08 pid=93317
13:01:13 [v4][main] starting custom_sortingv5
13:01:13 [v4][init] constructing node 'custom_sortingv5'
13:01:14 [v4][init] config_path=/home/ubuntu/ros2_ws/src/stepper/config/ (CHASSIS_TYPE='Slide_Rails')
13:01:14 [v4][init] waiting for kinematics/set_pose_target service...
13:01:15 [v4][init] kinematics/set_pose_target ready
13:01:15 [v4][init] bus_servo/get_state ready (full feedback enabled)
13:01:15 [v4][inference] worker thread starting
13:01:15 [v4][engine-load] starting load: /home/ubuntu/third_party_ros2/data/scaff_cube_best.engine
13:01:15 [v4][init] inference worker started (engine=/home/ubuntu/third_party_ros2/data/scaff_cube_best.engine)
13:01:15 [v4][init] camera subscriptions created (always-on) - topic /depth_cam/rgb/image_raw + camera_info
13:01:15 [v4][init] depth subscribed (candidate): /depth_cam/depth_to_color
13:01:15 [v4][init] depth subscribed (candidate): /depth_cam/depth/image_raw
13:01:15 [v4][main] spinning executor (4 threads)
13:01:15 [v4][startup] spawning sorting + transport threads
13:01:15 [v4][sorting-loop] thread started, waiting for enter+frames
13:01:15 [v4][init] captured endpoint pose t=[0.1271, 0.0000, 0.1821]
13:01:15 [v4][camera] first camera_info received: fx=453.0 fy=453.0 cx=328.3 cy=243.4
13:01:15 [v4][svc] set_target red=True
13:01:15 [v4][engine-load] YOLO() constructed in 0.07s task=obb (raw='obb', override='obb')
13:01:15 [v4][svc] set_target green=True
13:01:15 [v4][camera] FIRST FRAME received: (480, 640, 3) enc=rgb8
13:01:15 [v4][svc] set_target blue=True
13:01:15 [v4][svc] set_target scaff=True
13:01:15 [v4][camera] depth source = /depth_cam/depth/image_raw (colour-aligned=False)
13:01:15 [v4][camera] FIRST DEPTH FRAME on /depth_cam/depth/image_raw: shape=(400, 640) dtype=uint16
13:01:15 [v4][startup] v4 init finish
13:01:16 [v4][init] depth->color TF resolved + composed into hand2cam
13:01:16 [v4][svc] enable_sorting -> False
13:01:17 [v4][engine-load] warmup pass done in 2.01s
13:01:17 [v4][engine-load] engine active: /home/ubuntu/third_party_ros2/data/scaff_cube_best.engine (total load 2.09s, swap #1)
13:01:17 [v4][engine-load] class names from model.names: ['scaff', 'light blue cube', 'dark blue cube', 'red cube', 'green cube']
13:01:17 [v4][inference] first inference complete (41 ms)
13:01:17 [v4][sorting-loop] first inference result reached the loop
13:01:17 [v4][roi] reading transform.yaml from /home/ubuntu/ros2_ws/src/stepper/config/transform.yaml
13:01:17 [v4][roi]   loaded plane: [-0.0034880954030786972, -0.07402865465086637, -0.9972500145304797, 0.21692724794133972]
13:01:17 [v4][roi]   yaml loaded: extristric.shape=(4, 3) corners.shape=(5, 3) white_area_center.shape=(4, 4)
13:01:17 [v4][roi]   intrinsic ready after 0.00s (shape=(3, 3)) distortion.shape=(8,)
13:01:17 [v4][roi]   extrinsic plane shift done
13:01:17 [v4][roi]   projected 4 corners to image pixels
13:01:17 [v4][roi]   computed roi (y=75..393 x=169..573) on intrinsic shape=(3, 3)
13:01:17 [v4][sorting-loop] ROI built - detection branch is now live
13:01:18 [v4][publish] first frame published: shape=(480, 640, 3) step=1920 contig=True qos=reliable/depth10 topic=/custom_sortingv5/image_result
13:01:20 [v4][heartbeat] enter=False sorting=False cam=LIVE ai=LIVE cam_fps=48.0 pub_fps=11.4 frames=240 result_subs=1 roi=ok intrinsic=ok inference_age_ms=113 target=none transport=False sorting_thread=alive
13:01:25 [v4][heartbeat] enter=False sorting=False cam=LIVE ai=LIVE cam_fps=55.2 pub_fps=30.1 frames=517 result_subs=1 roi=ok intrinsic=ok inference_age_ms=176 target=none transport=False sorting_thread=alive
13:01:30 [v4][heartbeat] enter=False sorting=False cam=LIVE ai=LIVE cam_fps=52.1 pub_fps=30.5 frames=777 result_subs=1 roi=ok intrinsic=ok inference_age_ms=120 target=none transport=False sorting_thread=alive
13:01:35 [v4][heartbeat] enter=False sorting=False cam=LIVE ai=LIVE cam_fps=55.6 pub_fps=30.2 frames=1055 result_subs=1 roi=ok intrinsic=ok inference_age_ms=165 target=none transport=False sorting_thread=alive
13:01:40 [v4][heartbeat] enter=False sorting=False cam=LIVE ai=LIVE cam_fps=51.4 pub_fps=30.4 frames=1312 result_subs=1 roi=ok intrinsic=ok inference_age_ms=120 target=none transport=False sorting_thread=alive
13:01:45 [v4][heartbeat] enter=False sorting=False cam=LIVE ai=LIVE cam_fps=54.2 pub_fps=30.2 frames=1583 result_subs=1 roi=ok intrinsic=ok inference_age_ms=182 target=none transport=False sorting_thread=alive
13:01:50 [v4][heartbeat] enter=False sorting=False cam=LIVE ai=LIVE cam_fps=52.0 pub_fps=30.4 frames=1843 result_subs=1 roi=ok intrinsic=ok inference_age_ms=134 target=none transport=False sorting_thread=alive
13:01:50 [v4][camera] cv_bridge output publish failed
13:01:50 [v4][camera] EXCEPTION: RCLError: Failed to publish: publisher's context is invalid, at ./src/rcl/publisher.c:389
Traceback (most recent call last):
  File "/home/ubuntu/ros2_ws/build/app/app/custom_sortingv51.py", line 3284, in _publish_image
    self.result_publisher.publish(msg)
  File "/opt/ros/humble/local/lib/python3.10/dist-packages/rclpy/publisher.py", line 70, in publish
    self.__publisher.publish(msg)
rclpy._rclpy_pybind11.RCLError: Failed to publish: publisher's context is invalid, at ./src/rcl/publisher.c:389
13:01:50 [v4][main] KeyboardInterrupt - shutting down
