# v5 session 2026-06-23_18-47-01 pid=71696
18:47:07 [v4][main] starting custom_sortingv5
18:47:07 [v4][init] constructing node 'custom_sortingv5'
18:47:07 [v4][init] waiting for kinematics/set_pose_target service...
18:47:08 [v4][init] kinematics/set_pose_target ready
18:47:08 [v4][init] bus_servo/get_state ready (full feedback enabled)
18:47:08 [v4][inference] worker thread starting
18:47:08 [v4][init] inference worker started (engine=/home/ubuntu/third_party_ros2/data/scaff_cube_best.engine)
18:47:08 [v4][engine-load] starting load: /home/ubuntu/third_party_ros2/data/scaff_cube_best.engine
18:47:08 [v4][init] camera subscriptions created (always-on) - topic /depth_cam/rgb/image_raw + camera_info
18:47:08 [v4][init] depth subscribed: /depth_cam/depth_to_color
18:47:08 [v4][main] spinning executor (4 threads)
18:47:08 [v4][startup] spawning sorting + transport threads
18:47:08 [v4][sorting-loop] thread started, waiting for enter+frames
18:47:08 [v4][svc] set_target red=True
18:47:08 [v4][svc] set_target green=True
18:47:08 [v4][svc] set_target blue=True
18:47:08 [v4][svc] set_target scaff=True
18:47:08 [v4][startup] v4 init finish
18:47:08 [v4][engine-load] YOLO() constructed in 0.02s task=obb (raw='obb', override='obb')
18:47:09 [v4][camera] FIRST FRAME received: (480, 640, 3) enc=rgb8
18:47:09 [v4][publish] first frame published: shape=(480, 640, 3) step=1920 contig=True qos=reliable/depth10 topic=/custom_sortingv5/image_result
18:47:09 [v4][camera] first camera_info received: fx=453.0 fy=453.0 cx=328.3 cy=243.4
18:47:10 [v4][init] depth->color TF resolved + composed into hand2cam
18:47:10 [v4][engine-load] warmup pass done in 1.94s
18:47:10 [v4][engine-load] engine active: /home/ubuntu/third_party_ros2/data/scaff_cube_best.engine (total load 1.96s, swap #1)
18:47:10 [v4][engine-load] class names from model.names: ['scaff', 'light blue cube', 'dark blue cube', 'red cube', 'green cube']
18:47:10 [v4][engine-load] class 'dark blue cube' has NO place target - _do_place will refuse it; set one in the Places tab
18:47:10 [v4][engine-load] class 'green cube' has NO place target - _do_place will refuse it; set one in the Places tab
18:47:10 [v4][engine-load] class 'light blue cube' has NO place target - _do_place will refuse it; set one in the Places tab
18:47:10 [v4][engine-load] class 'red cube' has NO place target - _do_place will refuse it; set one in the Places tab
18:47:10 [v4][inference] first inference complete (34 ms)
18:47:10 [v4][sorting-loop] first inference result reached the loop
18:47:10 [v4][roi] reading transform.yaml from /home/ubuntu/ros2_ws/src/app/config/transform.yaml
18:47:10 [v4][roi]   loaded plane: [-0.015408908686640967, -0.08243832166670331, -0.996477038698767, 0.21877395196631844]
18:47:10 [v4][roi]   yaml loaded: extristric.shape=(4, 3) corners.shape=(5, 3) white_area_center.shape=(4, 4)
18:47:10 [v4][roi]   intrinsic ready after 0.00s (shape=(3, 3)) distortion.shape=(8,)
18:47:10 [v4][roi]   extrinsic plane shift done
18:47:10 [v4][roi]   projected 4 corners to image pixels
18:47:10 [v4][roi]   computed roi (y=0..513 x=21..544) on intrinsic shape=(3, 3)
18:47:10 [v4][sorting-loop] ROI built - detection branch is now live
18:47:13 [v4][heartbeat] enter=False sorting=False cam=LIVE ai=LIVE cam_fps=40.6 pub_fps=23.4 frames=203 result_subs=1 roi=ok intrinsic=ok inference_age_ms=87 target=none transport=False sorting_thread=alive
18:47:18 [v4][heartbeat] enter=False sorting=False cam=LIVE ai=LIVE cam_fps=52.4 pub_fps=30.2 frames=465 result_subs=1 roi=ok intrinsic=ok inference_age_ms=78 target=none transport=False sorting_thread=alive
18:47:23 [v4][heartbeat] enter=False sorting=False cam=LIVE ai=LIVE cam_fps=55.4 pub_fps=30.4 frames=742 result_subs=1 roi=ok intrinsic=ok inference_age_ms=62 target=none transport=False sorting_thread=alive
18:47:28 [v4][heartbeat] enter=False sorting=False cam=LIVE ai=LIVE cam_fps=51.0 pub_fps=30.4 frames=997 result_subs=1 roi=ok intrinsic=ok inference_age_ms=65 target=none transport=False sorting_thread=alive
18:47:31 [v4][main] KeyboardInterrupt - shutting down
