# v5 session 2026-06-23_20-37-01 pid=74836
20:37:06 [v4][main] starting custom_sortingv5
20:37:06 [v4][init] constructing node 'custom_sortingv5'
20:37:07 [v4][init] waiting for kinematics/set_pose_target service...
20:37:07 [v4][init] kinematics/set_pose_target ready
20:37:07 [v4][init] bus_servo/get_state ready (full feedback enabled)
20:37:07 [v4][inference] worker thread starting
20:37:07 [v4][engine-load] starting load: /home/ubuntu/third_party_ros2/data/scaff_cube_best.engine
20:37:07 [v4][engine-load] YOLO() constructed in 0.00s task=obb (raw='obb', override='obb')
20:37:07 [v4][init] inference worker started (engine=/home/ubuntu/third_party_ros2/data/scaff_cube_best.engine)
20:37:07 [v4][init] camera subscriptions created (always-on) - topic /depth_cam/rgb/image_raw + camera_info
20:37:07 [v4][init] depth subscribed: /depth_cam/depth_to_color
20:37:07 [v4][main] spinning executor (4 threads)
20:37:07 [v4][startup] spawning sorting + transport threads
20:37:07 [v4][camera] first camera_info received: fx=453.0 fy=453.0 cx=328.3 cy=243.4
20:37:07 [v4][sorting-loop] thread started, waiting for enter+frames
20:37:07 [v4][svc] set_target red=True
20:37:07 [v4][camera] FIRST FRAME received: (480, 640, 3) enc=rgb8
20:37:07 [v4][svc] set_target green=True
20:37:07 [v4][svc] set_target blue=True
20:37:07 [v4][svc] set_target scaff=True
20:37:07 [v4][startup] v4 init finish
20:37:07 [v4][publish] first frame published: shape=(480, 640, 3) step=1920 contig=True qos=reliable/depth10 topic=/custom_sortingv5/image_result
20:37:08 [v4][init] depth->color TF resolved + composed into hand2cam
20:37:08 [v4][svc] enable_sorting -> False
20:37:09 [v4][engine-load] warmup pass done in 2.22s
20:37:09 [v4][engine-load] engine active: /home/ubuntu/third_party_ros2/data/scaff_cube_best.engine (total load 2.23s, swap #1)
20:37:09 [v4][engine-load] class names from model.names: ['scaff', 'light blue cube', 'dark blue cube', 'red cube', 'green cube']
20:37:09 [v4][inference] first inference complete (56 ms)
20:37:09 [v4][sorting-loop] first inference result reached the loop
20:37:09 [v4][roi] reading transform.yaml from /home/ubuntu/ros2_ws/src/app/config/transform.yaml
20:37:09 [v4][roi]   loaded plane: [-0.015408908686640967, -0.08243832166670331, -0.996477038698767, 0.21877395196631844]
20:37:09 [v4][roi]   yaml loaded: extristric.shape=(4, 3) corners.shape=(5, 3) white_area_center.shape=(4, 4)
20:37:09 [v4][roi]   intrinsic ready after 0.00s (shape=(3, 3)) distortion.shape=(8,)
20:37:09 [v4][roi]   extrinsic plane shift done
20:37:09 [v4][roi]   projected 4 corners to image pixels
20:37:09 [v4][roi]   computed roi (y=0..513 x=21..544) on intrinsic shape=(3, 3)
20:37:09 [v4][sorting-loop] ROI built - detection branch is now live
20:37:12 [v4][heartbeat] enter=False sorting=False cam=LIVE ai=LIVE cam_fps=46.2 pub_fps=29.4 frames=231 result_subs=1 roi=ok intrinsic=ok inference_age_ms=102 target=none transport=False sorting_thread=alive
20:37:17 [v4][heartbeat] enter=False sorting=False cam=LIVE ai=LIVE cam_fps=55.1 pub_fps=30.1 frames=507 result_subs=1 roi=ok intrinsic=ok inference_age_ms=73 target=none transport=False sorting_thread=alive
20:37:22 [v4][heartbeat] enter=False sorting=False cam=LIVE ai=LIVE cam_fps=53.5 pub_fps=30.3 frames=774 result_subs=1 roi=ok intrinsic=ok inference_age_ms=59 target=none transport=False sorting_thread=alive
20:37:27 [v4][heartbeat] enter=False sorting=False cam=LIVE ai=LIVE cam_fps=48.2 pub_fps=30.4 frames=1015 result_subs=1 roi=ok intrinsic=ok inference_age_ms=82 target=none transport=False sorting_thread=alive
20:37:32 [v4][heartbeat] enter=False sorting=False cam=LIVE ai=LIVE cam_fps=54.4 pub_fps=30.4 frames=1287 result_subs=1 roi=ok intrinsic=ok inference_age_ms=70 target=none transport=False sorting_thread=alive
20:37:37 [v4][heartbeat] enter=False sorting=False cam=LIVE ai=LIVE cam_fps=50.1 pub_fps=30.2 frames=1537 result_subs=1 roi=ok intrinsic=ok inference_age_ms=60 target=none transport=False sorting_thread=alive
20:37:42 [v4][heartbeat] enter=False sorting=False cam=LIVE ai=LIVE cam_fps=53.8 pub_fps=30.4 frames=1806 result_subs=1 roi=ok intrinsic=ok inference_age_ms=79 target=none transport=False sorting_thread=alive
20:37:47 [v4][heartbeat] enter=False sorting=False cam=LIVE ai=LIVE cam_fps=51.8 pub_fps=30.2 frames=2065 result_subs=1 roi=ok intrinsic=ok inference_age_ms=62 target=none transport=False sorting_thread=alive
20:37:49 [v4][svc] enable_sorting -> False
20:37:49 [v4][calibrate] sorting force-stopped; starting calibration
20:37:50 [v4][calibrate] finished; rebuilding ROI from new transform.yaml
20:37:50 [v4][roi] reading transform.yaml from /home/ubuntu/ros2_ws/src/app/config/transform.yaml
20:37:50 [v4][roi]   loaded plane: [-0.015408908686640967, -0.08243832166670331, -0.996477038698767, 0.21877395196631844]
20:37:50 [v4][roi]   yaml loaded: extristric.shape=(4, 3) corners.shape=(5, 3) white_area_center.shape=(4, 4)
20:37:50 [v4][roi]   intrinsic ready after 0.00s (shape=(3, 3)) distortion.shape=(8,)
20:37:50 [v4][roi]   extrinsic plane shift done
20:37:50 [v4][roi]   projected 4 corners to image pixels
20:37:50 [v4][roi]   computed roi (y=0..513 x=21..544) on intrinsic shape=(3, 3)
20:37:50 [v4][sorting-loop] ROI built - detection branch is now live
20:37:52 [v4][heartbeat] enter=False sorting=False cam=LIVE ai=LIVE cam_fps=32.6 pub_fps=26.6 frames=2228 result_subs=1 roi=ok intrinsic=ok inference_age_ms=73 target=none transport=False sorting_thread=alive
20:37:57 [v4][heartbeat] enter=False sorting=False cam=LIVE ai=LIVE cam_fps=24.4 pub_fps=23.8 frames=2350 result_subs=1 roi=ok intrinsic=ok inference_age_ms=59 target=none transport=False sorting_thread=alive
20:38:02 [v4][heartbeat] enter=False sorting=False cam=LIVE ai=LIVE cam_fps=48.6 pub_fps=30.4 frames=2593 result_subs=1 roi=ok intrinsic=ok inference_age_ms=94 target=none transport=False sorting_thread=alive
20:38:07 [v4][heartbeat] enter=False sorting=False cam=LIVE ai=LIVE cam_fps=50.2 pub_fps=30.4 frames=2844 result_subs=1 roi=ok intrinsic=ok inference_age_ms=81 target=none transport=False sorting_thread=alive
20:38:08 [v4][svc] enable_sorting -> False
20:38:12 [v4][heartbeat] enter=False sorting=False cam=LIVE ai=LIVE cam_fps=51.4 pub_fps=30.2 frames=3101 result_subs=1 roi=ok intrinsic=ok inference_age_ms=82 target=none transport=False sorting_thread=alive
20:38:13 [v4][calibrate] plane refit: no depth / SearchPlane unavail
20:38:17 [v4][heartbeat] enter=False sorting=False cam=LIVE ai=LIVE cam_fps=49.9 pub_fps=30.2 frames=3350 result_subs=1 roi=ok intrinsic=ok inference_age_ms=86 target=none transport=False sorting_thread=alive
20:38:22 [v4][heartbeat] enter=False sorting=False cam=LIVE ai=LIVE cam_fps=54.5 pub_fps=30.4 frames=3623 result_subs=1 roi=ok intrinsic=ok inference_age_ms=132 target=none transport=False sorting_thread=alive
20:38:27 [v4][heartbeat] enter=False sorting=False cam=LIVE ai=LIVE cam_fps=51.5 pub_fps=30.2 frames=3880 result_subs=1 roi=ok intrinsic=ok inference_age_ms=51 target=none transport=False sorting_thread=alive
20:38:32 [v4][heartbeat] enter=False sorting=False cam=LIVE ai=LIVE cam_fps=52.4 pub_fps=30.4 frames=4142 result_subs=1 roi=ok intrinsic=ok inference_age_ms=75 target=none transport=False sorting_thread=alive
20:38:36 [v4][svc] enable_sorting -> False
20:38:36 [v4][calibrate] sorting force-stopped; starting calibration
20:38:37 [v4][heartbeat] enter=False sorting=False cam=LIVE ai=LIVE cam_fps=49.1 pub_fps=30.4 frames=4388 result_subs=1 roi=ok intrinsic=ok inference_age_ms=127 target=none transport=False sorting_thread=alive
20:38:37 [v4][calibrate] finished; rebuilding ROI from new transform.yaml
20:38:37 [v4][roi] reading transform.yaml from /home/ubuntu/ros2_ws/src/app/config/transform.yaml
20:38:37 [v4][roi]   loaded plane: [-0.015408908686640967, -0.08243832166670331, -0.996477038698767, 0.21877395196631844]
20:38:37 [v4][roi]   yaml loaded: extristric.shape=(4, 3) corners.shape=(5, 3) white_area_center.shape=(4, 4)
20:38:37 [v4][roi]   intrinsic ready after 0.00s (shape=(3, 3)) distortion.shape=(8,)
20:38:37 [v4][roi]   extrinsic plane shift done
20:38:37 [v4][roi]   projected 4 corners to image pixels
20:38:37 [v4][roi]   computed roi (y=0..513 x=21..544) on intrinsic shape=(3, 3)
20:38:37 [v4][sorting-loop] ROI built - detection branch is now live
20:38:42 [v4][heartbeat] enter=False sorting=False cam=LIVE ai=LIVE cam_fps=16.3 pub_fps=21.3 frames=4470 result_subs=1 roi=ok intrinsic=ok inference_age_ms=179 target=none transport=False sorting_thread=alive
20:38:47 [v4][heartbeat] enter=False sorting=False cam=LIVE ai=LIVE cam_fps=45.7 pub_fps=28.8 frames=4697 result_subs=1 roi=ok intrinsic=ok inference_age_ms=80 target=none transport=False sorting_thread=alive
20:38:52 [v4][calibrate] plane refit: no depth / SearchPlane unavail
20:38:52 [v4][heartbeat] enter=False sorting=False cam=LIVE ai=LIVE cam_fps=48.8 pub_fps=30.4 frames=4941 result_subs=1 roi=ok intrinsic=ok inference_age_ms=42 target=none transport=False sorting_thread=alive
20:38:54 [v4][svc] apply_and_persist (persist=True)
20:38:54 [v4][svc] merged ['depth_min_z_m', 'depth_max_z_m', 'depth_window_px', 'use_depth_for_z', 'overlay_depth_view'] into /home/ubuntu/jetarm_v5_profiles/default.yaml
20:38:54 [v4][svc] apply_and_persist applied ['depth_min_z_m', 'depth_max_z_m', 'depth_window_px', 'use_depth_for_z', 'overlay_depth_view']
20:38:57 [v4][heartbeat] enter=False sorting=False cam=LIVE ai=LIVE cam_fps=49.8 pub_fps=30.4 frames=5190 result_subs=1 roi=ok intrinsic=ok inference_age_ms=117 target=none transport=False sorting_thread=alive
20:39:02 [v4][heartbeat] enter=False sorting=False cam=LIVE ai=LIVE cam_fps=53.4 pub_fps=30.2 frames=5457 result_subs=1 roi=ok intrinsic=ok inference_age_ms=60 target=none transport=False sorting_thread=alive
20:39:07 [v4][heartbeat] enter=False sorting=False cam=LIVE ai=LIVE cam_fps=48.4 pub_fps=30.4 frames=5699 result_subs=1 roi=ok intrinsic=ok inference_age_ms=111 target=none transport=False sorting_thread=alive
20:39:12 [v4][heartbeat] enter=False sorting=False cam=LIVE ai=LIVE cam_fps=54.6 pub_fps=30.2 frames=5972 result_subs=1 roi=ok intrinsic=ok inference_age_ms=67 target=none transport=False sorting_thread=alive
20:39:17 [v4][heartbeat] enter=False sorting=False cam=LIVE ai=LIVE cam_fps=50.0 pub_fps=30.4 frames=6222 result_subs=1 roi=ok intrinsic=ok inference_age_ms=75 target=none transport=False sorting_thread=alive
20:39:22 [v4][publish] result_subs changed: 1 -> 0
20:39:22 [v4][heartbeat] enter=False sorting=False cam=LIVE ai=LIVE cam_fps=48.6 pub_fps=30.0 frames=6465 result_subs=0 roi=ok intrinsic=ok inference_age_ms=68 target=none transport=False sorting_thread=alive
20:39:23 [v4][camera] cv_bridge output publish failed
20:39:23 [v4][camera] EXCEPTION: RCLError: Failed to publish: publisher's context is invalid, at ./src/rcl/publisher.c:389
Traceback (most recent call last):
  File "/home/ubuntu/ros2_ws/build/app/app/custom_sortingv5.py", line 3075, in _publish_image
    self.result_publisher.publish(msg)
  File "/opt/ros/humble/local/lib/python3.10/dist-packages/rclpy/publisher.py", line 70, in publish
    self.__publisher.publish(msg)
rclpy._rclpy_pybind11.RCLError: Failed to publish: publisher's context is invalid, at ./src/rcl/publisher.c:389
20:39:23 [v4][main] KeyboardInterrupt - shutting down
